<html>
<body>
<pre>
<h1>礦ision Build Log</h1>
<h2>Tool Versions:</h2>
IDE-Version: μVision V5.26.2.0
Copyright (C) 2018 ARM Ltd and ARM Germany GmbH. All rights reserved.
License Information: 1 ---, 1, LIC=NQQMA-1BLSQ-UH88H-WBXT0-LW2ZT-W2231
 
Tool Versions:
Toolchain:       MDK-ARM Plus  Version: 5.26.2.0
Toolchain Path:  C:\Keil_v5\ARM\ARMCC\Bin
C Compiler:      Armcc.exe V5.06 update 6 (build 750)
Assembler:       Armasm.exe V5.06 update 6 (build 750)
Linker/Locator:  ArmLink.exe V5.06 update 6 (build 750)
Library Manager: ArmAr.exe V5.06 update 6 (build 750)
Hex Converter:   FromElf.exe V5.06 update 6 (build 750)
CPU DLL:         SARMCM3.DLL V5.26.2.0
Dialog DLL:      DCM.DLL V1.17.2.0
Target DLL:      STLink\ST-LINKIII-KEIL_SWO.dll V3.0.5.0
Dialog DLL:      TCM.DLL V1.36.1.0
 
<h2>Project:</h2>
F:\sync\100\005 CPLC\cubemx-DIY - 202301\MDK-ARM\cubemx.uvprojx
Project File Date:  03/29/2023

<h2>Output:</h2>
*** Using Compiler 'V5.06 update 6 (build 750)', folder: 'C:\Keil_v5\ARM\ARMCC\Bin'
Build target 'cubemx'
compiling bsp_gpio.c...
..\BSP\bsp_gpio.c(48): warning:  #223-D: function "printf" declared implicitly
   	printf("Input.ALL is %05X\r\n",	Input.ALL); 
..\BSP\bsp_gpio.c(75): warning:  #223-D: function "printf" declared implicitly
   	printf("Output.ALL is %05X\r\n",	Output.ALL); 
..\BSP\bsp_gpio.c: 2 warnings, 0 errors
compiling bsp_usart.c...
..\BSP\bsp.h(36): warning:  #1295-D: Deprecated declaration wait_ready - give arg types
  extern  int wait_ready();           //测试程序
..\BSP\bsp.h(37): warning:  #1295-D: Deprecated declaration work_flow - give arg types
  extern int work_flow();    //执行动作程序
..\BSP\bsp_usart.h(61): warning:  #1295-D: Deprecated declaration Handle_UART1 - give arg types
  int Handle_UART1();
..\BSP\bsp_usart.c(248): warning:  #177-D: variable "OutputNum"  was declared but never referenced
      int OutputNum = 0;            // 用于记录输出次数；
..\BSP\bsp_usart.c(249): warning:  #177-D: variable "temp_prmt"  was declared but never referenced
      char temp_prmt[15][20] = {0}; // 接收的字符串放在四个缓存中 用于存储接收的字符串，共有十五个缓存；
..\BSP\bsp_usart.c(250): warning:  #177-D: variable "item"  was declared but never referenced
      int32_t item;                 // 序列号  用于存储序列号；
..\BSP\bsp_usart.c(251): warning:  #177-D: variable "buffer"  was declared but never referenced
      char buffer[15];              // 用于存储输入的字符串；
..\BSP\bsp_usart.c: 7 warnings, 0 errors
compiling stm32f1xx_it.c...
compiling stm32f1xx_hal_msp.c...
assembling startup_stm32f103xe.s...
compiling bsp_led.c...
..\BSP\bsp_usart.h(61): warning:  #1295-D: Deprecated declaration Handle_UART1 - give arg types
  int Handle_UART1();
..\BSP\bsp.h(36): warning:  #1295-D: Deprecated declaration wait_ready - give arg types
  extern  int wait_ready();           //测试程序
..\BSP\bsp.h(37): warning:  #1295-D: Deprecated declaration work_flow - give arg types
  extern int work_flow();    //执行动作程序
..\BSP\bsp_led.c: 3 warnings, 0 errors
compiling bsp_timer.c...
..\BSP\bsp.h(36): warning:  #1295-D: Deprecated declaration wait_ready - give arg types
  extern  int wait_ready();           //测试程序
..\BSP\bsp.h(37): warning:  #1295-D: Deprecated declaration work_flow - give arg types
  extern int work_flow();    //执行动作程序
..\BSP\bsp_usart.h(61): warning:  #1295-D: Deprecated declaration Handle_UART1 - give arg types
  int Handle_UART1();
..\BSP\bsp_timer.c: 3 warnings, 0 errors
compiling bsp.c...
..\BSP\bsp_usart.h(61): warning:  #1295-D: Deprecated declaration Handle_UART1 - give arg types
  int Handle_UART1();
..\BSP\bsp.h(36): warning:  #1295-D: Deprecated declaration wait_ready - give arg types
  extern  int wait_ready();           //测试程序
..\BSP\bsp.h(37): warning:  #1295-D: Deprecated declaration work_flow - give arg types
  extern int work_flow();    //执行动作程序
..\BSP\bsp.c(94): warning:  #188-D: enumerated type mixed with another type
  		EN_24V(1); //打开24V输出控制开关
..\BSP\bsp.c(98): warning:  #940-D: missing return statement at end of non-void function "wait_ready" 
  }
..\BSP\bsp.c(164): warning:  #940-D: missing return statement at end of non-void function "work_flow" 
  }
..\BSP\bsp.c: 6 warnings, 0 errors
compiling main.c...
../BSP/bsp_usart.h(61): warning:  #1295-D: Deprecated declaration Handle_UART1 - give arg types
  int Handle_UART1();
../BSP/bsp.h(36): warning:  #1295-D: Deprecated declaration wait_ready - give arg types
  extern  int wait_ready();           //测试程序
../BSP/bsp.h(37): warning:  #1295-D: Deprecated declaration work_flow - give arg types
  extern int work_flow();    //执行动作程序
../Core/Src/main.c: 3 warnings, 0 errors
compiling stm32f1xx_hal_gpio_ex.c...
compiling stm32f1xx_hal.c...
compiling stm32f1xx_hal_i2c.c...
compiling stm32f1xx_hal_dma.c...
compiling stm32f1xx_hal_rcc_ex.c...
compiling stm32f1xx_hal_gpio.c...
compiling stm32f1xx_hal_cortex.c...
compiling stm32f1xx_hal_rcc.c...
compiling stm32f1xx_hal_pwr.c...
compiling stm32f1xx_hal_flash_ex.c...
compiling stm32f1xx_hal_flash.c...
compiling system_stm32f1xx.c...
compiling stm32f1xx_hal_exti.c...
compiling stm32f1xx_hal_uart.c...
compiling stm32f1xx_hal_tim_ex.c...
compiling stm32f1xx_hal_tim.c...
linking...
Program Size: Code=15228 RO-data=496 RW-data=56 ZI-data=5072  
FromELF: creating hex file...
"cubemx\cubemx.axf" - 0 Error(s), 24 Warning(s).

<h2>Software Packages used:</h2>

Package Vendor: ARM
                http://www.keil.com/pack/ARM.CMSIS.5.7.0.pack
                ARM.CMSIS.5.7.0
                CMSIS (Cortex Microcontroller Software Interface Standard)
   * Component: CORE Version: 5.4.0

Package Vendor: Keil
                http://www.keil.com/pack/Keil.STM32F1xx_DFP.2.2.0.pack
                Keil.STM32F1xx_DFP.2.2.0
                STMicroelectronics STM32F1 Series Device Support, Drivers and Examples

<h2>Collection of Component include folders:</h2>
  .\RTE\_cubemx
  C:\Keil_v5\ARM\PACK\ARM\CMSIS\5.7.0\CMSIS\Core\Include
  C:\Keil_v5\ARM\PACK\Keil\STM32F1xx_DFP\2.2.0\Device\Include

<h2>Collection of Component Files used:</h2>

   * Component: ARM::CMSIS:CORE:5.4.0
Build Time Elapsed:  00:00:31
</pre>
</body>
</html>
