Component: ARM Compiler 5.06 update 6 (build 750) Tool: armlink [4d35ed]

==============================================================================

Section Cross References

    main.o(i.MX_GPIO_Init) refers to stm32f1xx_hal_gpio.o(i.HAL_GPIO_WritePin) for HAL_GPIO_WritePin
    main.o(i.MX_GPIO_Init) refers to stm32f1xx_hal_gpio.o(i.HAL_GPIO_Init) for HAL_GPIO_Init
    main.o(i.MX_TIM1_Init) refers to stm32f1xx_hal_tim.o(i.HAL_TIM_Base_Init) for HAL_TIM_Base_Init
    main.o(i.MX_TIM1_Init) refers to stm32f1xx_hal_tim.o(i.HAL_TIM_ConfigClockSource) for HAL_TIM_ConfigClockSource
    main.o(i.MX_TIM1_Init) refers to stm32f1xx_hal_tim_ex.o(i.HAL_TIMEx_MasterConfigSynchronization) for HAL_TIMEx_MasterConfigSynchronization
    main.o(i.MX_TIM1_Init) refers to main.o(.bss) for .bss
    main.o(i.MX_TIM2_Init) refers to stm32f1xx_hal_tim.o(i.HAL_TIM_Base_Init) for HAL_TIM_Base_Init
    main.o(i.MX_TIM2_Init) refers to stm32f1xx_hal_tim.o(i.HAL_TIM_ConfigClockSource) for HAL_TIM_ConfigClockSource
    main.o(i.MX_TIM2_Init) refers to stm32f1xx_hal_tim_ex.o(i.HAL_TIMEx_MasterConfigSynchronization) for HAL_TIMEx_MasterConfigSynchronization
    main.o(i.MX_TIM2_Init) refers to main.o(.bss) for .bss
    main.o(i.MX_TIM3_Init) refers to stm32f1xx_hal_tim.o(i.HAL_TIM_Base_Init) for HAL_TIM_Base_Init
    main.o(i.MX_TIM3_Init) refers to stm32f1xx_hal_tim.o(i.HAL_TIM_ConfigClockSource) for HAL_TIM_ConfigClockSource
    main.o(i.MX_TIM3_Init) refers to stm32f1xx_hal_tim_ex.o(i.HAL_TIMEx_MasterConfigSynchronization) for HAL_TIMEx_MasterConfigSynchronization
    main.o(i.MX_TIM3_Init) refers to main.o(.bss) for .bss
    main.o(i.MX_TIM4_Init) refers to stm32f1xx_hal_tim.o(i.HAL_TIM_Base_Init) for HAL_TIM_Base_Init
    main.o(i.MX_TIM4_Init) refers to stm32f1xx_hal_tim.o(i.HAL_TIM_ConfigClockSource) for HAL_TIM_ConfigClockSource
    main.o(i.MX_TIM4_Init) refers to stm32f1xx_hal_tim_ex.o(i.HAL_TIMEx_MasterConfigSynchronization) for HAL_TIMEx_MasterConfigSynchronization
    main.o(i.MX_TIM4_Init) refers to main.o(.bss) for .bss
    main.o(i.MX_TIM5_Init) refers to stm32f1xx_hal_tim.o(i.HAL_TIM_Base_Init) for HAL_TIM_Base_Init
    main.o(i.MX_TIM5_Init) refers to stm32f1xx_hal_tim.o(i.HAL_TIM_ConfigClockSource) for HAL_TIM_ConfigClockSource
    main.o(i.MX_TIM5_Init) refers to stm32f1xx_hal_tim_ex.o(i.HAL_TIMEx_MasterConfigSynchronization) for HAL_TIMEx_MasterConfigSynchronization
    main.o(i.MX_TIM5_Init) refers to main.o(.bss) for .bss
    main.o(i.MX_TIM8_Init) refers to stm32f1xx_hal_tim.o(i.HAL_TIM_Base_Init) for HAL_TIM_Base_Init
    main.o(i.MX_TIM8_Init) refers to stm32f1xx_hal_tim.o(i.HAL_TIM_ConfigClockSource) for HAL_TIM_ConfigClockSource
    main.o(i.MX_TIM8_Init) refers to stm32f1xx_hal_tim_ex.o(i.HAL_TIMEx_MasterConfigSynchronization) for HAL_TIMEx_MasterConfigSynchronization
    main.o(i.MX_TIM8_Init) refers to main.o(.bss) for .bss
    main.o(i.SystemClock_Config) refers to memseta.o(.text) for __aeabi_memclr4
    main.o(i.SystemClock_Config) refers to stm32f1xx_hal_rcc.o(i.HAL_RCC_OscConfig) for HAL_RCC_OscConfig
    main.o(i.SystemClock_Config) refers to stm32f1xx_hal_rcc.o(i.HAL_RCC_ClockConfig) for HAL_RCC_ClockConfig
    main.o(i.main) refers to stm32f1xx_hal.o(i.HAL_Init) for HAL_Init
    main.o(i.main) refers to main.o(i.SystemClock_Config) for SystemClock_Config
    main.o(i.main) refers to main.o(i.MX_GPIO_Init) for MX_GPIO_Init
    main.o(i.main) refers to stm32f1xx_hal_i2c.o(i.HAL_I2C_Init) for HAL_I2C_Init
    main.o(i.main) refers to stm32f1xx_hal_uart.o(i.HAL_UART_Init) for HAL_UART_Init
    main.o(i.main) refers to main.o(i.MX_TIM1_Init) for MX_TIM1_Init
    main.o(i.main) refers to main.o(i.MX_TIM2_Init) for MX_TIM2_Init
    main.o(i.main) refers to main.o(i.MX_TIM3_Init) for MX_TIM3_Init
    main.o(i.main) refers to main.o(i.MX_TIM5_Init) for MX_TIM5_Init
    main.o(i.main) refers to main.o(i.MX_TIM4_Init) for MX_TIM4_Init
    main.o(i.main) refers to stm32f1xx_hal_tim.o(i.HAL_TIM_Base_Init) for HAL_TIM_Base_Init
    main.o(i.main) refers to stm32f1xx_hal_tim_ex.o(i.HAL_TIMEx_MasterConfigSynchronization) for HAL_TIMEx_MasterConfigSynchronization
    main.o(i.main) refers to main.o(i.MX_TIM8_Init) for MX_TIM8_Init
    main.o(i.main) refers to bsp.o(i.wait_ready) for wait_ready
    main.o(i.main) refers to bsp.o(i.work_flow) for work_flow
    main.o(i.main) refers to main.o(.bss) for .bss
    stm32f1xx_it.o(i.SysTick_Handler) refers to stm32f1xx_hal.o(i.HAL_IncTick) for HAL_IncTick
    stm32f1xx_it.o(i.TIM1_UP_IRQHandler) refers to stm32f1xx_hal_tim.o(i.HAL_TIM_IRQHandler) for HAL_TIM_IRQHandler
    stm32f1xx_it.o(i.TIM1_UP_IRQHandler) refers to main.o(.bss) for htim1
    stm32f1xx_it.o(i.TIM2_IRQHandler) refers to stm32f1xx_hal_tim.o(i.HAL_TIM_IRQHandler) for HAL_TIM_IRQHandler
    stm32f1xx_it.o(i.TIM2_IRQHandler) refers to main.o(.bss) for htim2
    stm32f1xx_it.o(i.TIM3_IRQHandler) refers to stm32f1xx_hal_tim.o(i.HAL_TIM_IRQHandler) for HAL_TIM_IRQHandler
[...]
    Removing stm32f1xx_hal_tim.o(i.HAL_TIM_PWM_Start), (200 bytes).
    Removing stm32f1xx_hal_tim.o(i.HAL_TIM_PWM_Start_DMA), (468 bytes).
    Removing stm32f1xx_hal_tim.o(i.HAL_TIM_PWM_Start_IT), (260 bytes).
    Removing stm32f1xx_hal_tim.o(i.HAL_TIM_PWM_Stop), (124 bytes).
    Removing stm32f1xx_hal_tim.o(i.HAL_TIM_PWM_Stop_DMA), (206 bytes).
    Removing stm32f1xx_hal_tim.o(i.HAL_TIM_PWM_Stop_IT), (182 bytes).
    Removing stm32f1xx_hal_tim.o(i.HAL_TIM_PeriodElapsedCallback), (2 bytes).
    Removing stm32f1xx_hal_tim.o(i.HAL_TIM_PeriodElapsedHalfCpltCallback), (2 bytes).
    Removing stm32f1xx_hal_tim.o(i.HAL_TIM_ReadCapturedValue), (44 bytes).
    Removing stm32f1xx_hal_tim.o(i.HAL_TIM_SlaveConfigSynchro), (82 bytes).
    Removing stm32f1xx_hal_tim.o(i.HAL_TIM_SlaveConfigSynchro_IT), (82 bytes).
    Removing stm32f1xx_hal_tim.o(i.HAL_TIM_TriggerHalfCpltCallback), (2 bytes).
    Removing stm32f1xx_hal_tim.o(i.TIM_CCxChannelCmd), (30 bytes).
    Removing stm32f1xx_hal_tim.o(i.TIM_DMACaptureCplt), (110 bytes).
    Removing stm32f1xx_hal_tim.o(i.TIM_DMACaptureHalfCplt), (62 bytes).
    Removing stm32f1xx_hal_tim.o(i.TIM_DMADelayPulseCplt), (94 bytes).
    Removing stm32f1xx_hal_tim.o(i.TIM_DMADelayPulseHalfCplt), (62 bytes).
    Removing stm32f1xx_hal_tim.o(i.TIM_DMAError), (84 bytes).
    Removing stm32f1xx_hal_tim.o(i.TIM_DMAPeriodElapsedCplt), (24 bytes).
    Removing stm32f1xx_hal_tim.o(i.TIM_DMAPeriodElapsedHalfCplt), (10 bytes).
    Removing stm32f1xx_hal_tim.o(i.TIM_DMATriggerCplt), (24 bytes).
    Removing stm32f1xx_hal_tim.o(i.TIM_DMATriggerHalfCplt), (10 bytes).
    Removing stm32f1xx_hal_tim.o(i.TIM_OC1_SetConfig), (112 bytes).
    Removing stm32f1xx_hal_tim.o(i.TIM_OC2_SetConfig), (120 bytes).
    Removing stm32f1xx_hal_tim.o(i.TIM_OC3_SetConfig), (120 bytes).
    Removing stm32f1xx_hal_tim.o(i.TIM_OC4_SetConfig), (88 bytes).
    Removing stm32f1xx_hal_tim.o(i.TIM_SlaveTimer_SetConfig), (148 bytes).
    Removing stm32f1xx_hal_tim.o(i.TIM_TI1_SetConfig), (122 bytes).
    Removing stm32f1xx_hal_tim.o(i.TIM_TI2_SetConfig), (64 bytes).
    Removing stm32f1xx_hal_tim.o(i.TIM_TI3_SetConfig), (60 bytes).
    Removing stm32f1xx_hal_tim.o(i.TIM_TI4_SetConfig), (64 bytes).
    Removing stm32f1xx_hal_tim_ex.o(.rev16_text), (4 bytes).
    Removing stm32f1xx_hal_tim_ex.o(.revsh_text), (4 bytes).
    Removing stm32f1xx_hal_tim_ex.o(.rrx_text), (6 bytes).
    Removing stm32f1xx_hal_tim_ex.o(i.HAL_TIMEx_CommutHalfCpltCallback), (2 bytes).
    Removing stm32f1xx_hal_tim_ex.o(i.HAL_TIMEx_ConfigBreakDeadTime), (102 bytes).
    Removing stm32f1xx_hal_tim_ex.o(i.HAL_TIMEx_ConfigCommutEvent), (118 bytes).
    Removing stm32f1xx_hal_tim_ex.o(i.HAL_TIMEx_ConfigCommutEvent_DMA), (148 bytes).
    Removing stm32f1xx_hal_tim_ex.o(i.HAL_TIMEx_ConfigCommutEvent_IT), (118 bytes).
    Removing stm32f1xx_hal_tim_ex.o(i.HAL_TIMEx_GetChannelNState), (36 bytes).
    Removing stm32f1xx_hal_tim_ex.o(i.HAL_TIMEx_HallSensor_DeInit), (76 bytes).
    Removing stm32f1xx_hal_tim_ex.o(i.HAL_TIMEx_HallSensor_GetState), (6 bytes).
    Removing stm32f1xx_hal_tim_ex.o(i.HAL_TIMEx_HallSensor_Init), (212 bytes).
    Removing stm32f1xx_hal_tim_ex.o(i.HAL_TIMEx_HallSensor_MspDeInit), (2 bytes).
    Removing stm32f1xx_hal_tim_ex.o(i.HAL_TIMEx_HallSensor_MspInit), (2 bytes).
    Removing stm32f1xx_hal_tim_ex.o(i.HAL_TIMEx_HallSensor_Start), (158 bytes).
    Removing stm32f1xx_hal_tim_ex.o(i.HAL_TIMEx_HallSensor_Start_DMA), (224 bytes).
    Removing stm32f1xx_hal_tim_ex.o(i.HAL_TIMEx_HallSensor_Start_IT), (168 bytes).
    Removing stm32f1xx_hal_tim_ex.o(i.HAL_TIMEx_HallSensor_Stop), (64 bytes).
    Removing stm32f1xx_hal_tim_ex.o(i.HAL_TIMEx_HallSensor_Stop_DMA), (72 bytes).
    Removing stm32f1xx_hal_tim_ex.o(i.HAL_TIMEx_HallSensor_Stop_IT), (74 bytes).
    Removing stm32f1xx_hal_tim_ex.o(i.HAL_TIMEx_OCN_Start), (190 bytes).
    Removing stm32f1xx_hal_tim_ex.o(i.HAL_TIMEx_OCN_Start_DMA), (408 bytes).
    Removing stm32f1xx_hal_tim_ex.o(i.HAL_TIMEx_OCN_Start_IT), (244 bytes).
    Removing stm32f1xx_hal_tim_ex.o(i.HAL_TIMEx_OCN_Stop), (106 bytes).
    Removing stm32f1xx_hal_tim_ex.o(i.HAL_TIMEx_OCN_Stop_DMA), (168 bytes).
    Removing stm32f1xx_hal_tim_ex.o(i.HAL_TIMEx_OCN_Stop_IT), (166 bytes).
    Removing stm32f1xx_hal_tim_ex.o(i.HAL_TIMEx_OnePulseN_Start), (104 bytes).
    Removing stm32f1xx_hal_tim_ex.o(i.HAL_TIMEx_OnePulseN_Start_IT), (128 bytes).
    Removing stm32f1xx_hal_tim_ex.o(i.HAL_TIMEx_OnePulseN_Stop), (106 bytes).
    Removing stm32f1xx_hal_tim_ex.o(i.HAL_TIMEx_OnePulseN_Stop_IT), (126 bytes).
    Removing stm32f1xx_hal_tim_ex.o(i.HAL_TIMEx_PWMN_Start), (190 bytes).
    Removing stm32f1xx_hal_tim_ex.o(i.HAL_TIMEx_PWMN_Start_DMA), (408 bytes).
    Removing stm32f1xx_hal_tim_ex.o(i.HAL_TIMEx_PWMN_Start_IT), (244 bytes).
    Removing stm32f1xx_hal_tim_ex.o(i.HAL_TIMEx_PWMN_Stop), (106 bytes).
    Removing stm32f1xx_hal_tim_ex.o(i.HAL_TIMEx_PWMN_Stop_DMA), (168 bytes).
    Removing stm32f1xx_hal_tim_ex.o(i.HAL_TIMEx_PWMN_Stop_IT), (166 bytes).
    Removing stm32f1xx_hal_tim_ex.o(i.HAL_TIMEx_RemapConfig), (4 bytes).
    Removing stm32f1xx_hal_tim_ex.o(i.TIMEx_DMACommutationCplt), (16 bytes).
    Removing stm32f1xx_hal_tim_ex.o(i.TIMEx_DMACommutationHalfCplt), (16 bytes).
    Removing stm32f1xx_hal_tim_ex.o(i.TIM_CCxNChannelCmd), (30 bytes).
    Removing stm32f1xx_hal_tim_ex.o(i.TIM_DMADelayPulseNCplt), (94 bytes).
    Removing stm32f1xx_hal_tim_ex.o(i.TIM_DMAErrorCCxN), (62 bytes).
    Removing stm32f1xx_hal_uart.o(.rev16_text), (4 bytes).
    Removing stm32f1xx_hal_uart.o(.revsh_text), (4 bytes).
    Removing stm32f1xx_hal_uart.o(.rrx_text), (6 bytes).
    Removing stm32f1xx_hal_uart.o(i.HAL_HalfDuplex_EnableReceiver), (54 bytes).
    Removing stm32f1xx_hal_uart.o(i.HAL_HalfDuplex_EnableTransmitter), (54 bytes).
    Removing stm32f1xx_hal_uart.o(i.HAL_HalfDuplex_Init), (110 bytes).
    Removing stm32f1xx_hal_uart.o(i.HAL_LIN_Init), (130 bytes).
    Removing stm32f1xx_hal_uart.o(i.HAL_LIN_SendBreak), (50 bytes).
    Removing stm32f1xx_hal_uart.o(i.HAL_MultiProcessor_EnterMuteMode), (50 bytes).
    Removing stm32f1xx_hal_uart.o(i.HAL_MultiProcessor_ExitMuteMode), (50 bytes).
    Removing stm32f1xx_hal_uart.o(i.HAL_MultiProcessor_Init), (146 bytes).
    Removing stm32f1xx_hal_uart.o(i.HAL_UARTEx_ReceiveToIdle), (282 bytes).
    Removing stm32f1xx_hal_uart.o(i.HAL_UARTEx_ReceiveToIdle_DMA), (86 bytes).
    Removing stm32f1xx_hal_uart.o(i.HAL_UARTEx_ReceiveToIdle_IT), (86 bytes).
    Removing stm32f1xx_hal_uart.o(i.HAL_UART_Abort), (166 bytes).
    Removing stm32f1xx_hal_uart.o(i.HAL_UART_AbortCpltCallback), (2 bytes).
    Removing stm32f1xx_hal_uart.o(i.HAL_UART_AbortReceive), (108 bytes).
    Removing stm32f1xx_hal_uart.o(i.HAL_UART_AbortReceiveCpltCallback), (2 bytes).
    Removing stm32f1xx_hal_uart.o(i.HAL_UART_AbortReceive_IT), (128 bytes).
    Removing stm32f1xx_hal_uart.o(i.HAL_UART_AbortTransmit), (80 bytes).
    Removing stm32f1xx_hal_uart.o(i.HAL_UART_AbortTransmitCpltCallback), (2 bytes).
    Removing stm32f1xx_hal_uart.o(i.HAL_UART_AbortTransmit_IT), (100 bytes).
    Removing stm32f1xx_hal_uart.o(i.HAL_UART_Abort_IT), (204 bytes).
    Removing stm32f1xx_hal_uart.o(i.HAL_UART_DMAPause), (102 bytes).
    Removing stm32f1xx_hal_uart.o(i.HAL_UART_DMAResume), (98 bytes).
    Removing stm32f1xx_hal_uart.o(i.HAL_UART_DMAStop), (88 bytes).
    Removing stm32f1xx_hal_uart.o(i.HAL_UART_DeInit), (54 bytes).
    Removing stm32f1xx_hal_uart.o(i.HAL_UART_GetError), (4 bytes).
    Removing stm32f1xx_hal_uart.o(i.HAL_UART_GetState), (12 bytes).
    Removing stm32f1xx_hal_uart.o(i.HAL_UART_MspDeInit), (2 bytes).
    Removing stm32f1xx_hal_uart.o(i.HAL_UART_MspInit), (2 bytes).
    Removing stm32f1xx_hal_uart.o(i.HAL_UART_Receive), (212 bytes).
    Removing stm32f1xx_hal_uart.o(i.HAL_UART_Receive_DMA), (46 bytes).
    Removing stm32f1xx_hal_uart.o(i.HAL_UART_RxCpltCallback), (2 bytes).
    Removing stm32f1xx_hal_uart.o(i.HAL_UART_RxHalfCpltCallback), (2 bytes).
    Removing stm32f1xx_hal_uart.o(i.HAL_UART_Transmit_DMA), (152 bytes).
    Removing stm32f1xx_hal_uart.o(i.HAL_UART_Transmit_IT), (66 bytes).
    Removing stm32f1xx_hal_uart.o(i.HAL_UART_TxCpltCallback), (2 bytes).
    Removing stm32f1xx_hal_uart.o(i.HAL_UART_TxHalfCpltCallback), (2 bytes).
    Removing stm32f1xx_hal_uart.o(i.UART_DMAError), (74 bytes).
    Removing stm32f1xx_hal_uart.o(i.UART_DMAReceiveCplt), (92 bytes).
    Removing stm32f1xx_hal_uart.o(i.UART_DMARxAbortCallback), (46 bytes).
    Removing stm32f1xx_hal_uart.o(i.UART_DMARxHalfCplt), (26 bytes).
    Removing stm32f1xx_hal_uart.o(i.UART_DMARxOnlyAbortCallback), (22 bytes).
    Removing stm32f1xx_hal_uart.o(i.UART_DMATransmitCplt), (48 bytes).
    Removing stm32f1xx_hal_uart.o(i.UART_DMATxAbortCallback), (46 bytes).
    Removing stm32f1xx_hal_uart.o(i.UART_DMATxHalfCplt), (10 bytes).
    Removing stm32f1xx_hal_uart.o(i.UART_DMATxOnlyAbortCallback), (20 bytes).
    Removing stm32f1xx_hal_uart.o(i.UART_EndTxTransfer), (18 bytes).
    Removing stm32f1xx_hal_uart.o(i.UART_Start_Receive_DMA), (116 bytes).
    Removing system_stm32f1xx.o(.rev16_text), (4 bytes).
    Removing system_stm32f1xx.o(.revsh_text), (4 bytes).
    Removing system_stm32f1xx.o(.rrx_text), (6 bytes).
    Removing system_stm32f1xx.o(i.SystemCoreClockUpdate), (128 bytes).
    Removing dscalb.o(.text), (46 bytes).
    Removing dflti.o(.text), (34 bytes).
    Removing cdcmple.o(.text), (48 bytes).

533 unused section(s) (total 49363 bytes) removed from the image.

==============================================================================

Image Symbol Table

    Local Symbols

    Symbol Name                              Value     Ov Type        Size  Object(Section)

    ../Core/Src/main.c                       0x00000000   Number         0  main.o ABSOLUTE
    ../Core/Src/stm32f1xx_hal_msp.c          0x00000000   Number         0  stm32f1xx_hal_msp.o ABSOLUTE
    ../Core/Src/stm32f1xx_it.c               0x00000000   Number         0  stm32f1xx_it.o ABSOLUTE
    ../Core/Src/system_stm32f1xx.c           0x00000000   Number         0  system_stm32f1xx.o ABSOLUTE
    ../Drivers/STM32F1xx_HAL_Driver/Src/stm32f1xx_hal.c 0x00000000   Number         0  stm32f1xx_hal.o ABSOLUTE
    ../Drivers/STM32F1xx_HAL_Driver/Src/stm32f1xx_hal_cortex.c 0x00000000   Number         0  stm32f1xx_hal_cortex.o ABSOLUTE
    ../Drivers/STM32F1xx_HAL_Driver/Src/stm32f1xx_hal_dma.c 0x00000000   Number         0  stm32f1xx_hal_dma.o ABSOLUTE
    ../Drivers/STM32F1xx_HAL_Driver/Src/stm32f1xx_hal_exti.c 0x00000000   Number         0  stm32f1xx_hal_exti.o ABSOLUTE
    ../Drivers/STM32F1xx_HAL_Driver/Src/stm32f1xx_hal_flash.c 0x00000000   Number         0  stm32f1xx_hal_flash.o ABSOLUTE
    ../Drivers/STM32F1xx_HAL_Driver/Src/stm32f1xx_hal_flash_ex.c 0x00000000   Number         0  stm32f1xx_hal_flash_ex.o ABSOLUTE
    ../Drivers/STM32F1xx_HAL_Driver/Src/stm32f1xx_hal_gpio.c 0x00000000   Number         0  stm32f1xx_hal_gpio.o ABSOLUTE
    ../Drivers/STM32F1xx_HAL_Driver/Src/stm32f1xx_hal_gpio_ex.c 0x00000000   Number         0  stm32f1xx_hal_gpio_ex.o ABSOLUTE
    ../Drivers/STM32F1xx_HAL_Driver/Src/stm32f1xx_hal_i2c.c 0x00000000   Number         0  stm32f1xx_hal_i2c.o ABSOLUTE
    ../Drivers/STM32F1xx_HAL_Driver/Src/stm32f1xx_hal_pwr.c 0x00000000   Number         0  stm32f1xx_hal_pwr.o ABSOLUTE
    ../Drivers/STM32F1xx_HAL_Driver/Src/stm32f1xx_hal_rcc.c 0x00000000   Number         0  stm32f1xx_hal_rcc.o ABSOLUTE
    ../Drivers/STM32F1xx_HAL_Driver/Src/stm32f1xx_hal_rcc_ex.c 0x00000000   Number         0  stm32f1xx_hal_rcc_ex.o ABSOLUTE
    ../Drivers/STM32F1xx_HAL_Driver/Src/stm32f1xx_hal_tim.c 0x00000000   Number         0  stm32f1xx_hal_tim.o ABSOLUTE
    ../Drivers/STM32F1xx_HAL_Driver/Src/stm32f1xx_hal_tim_ex.c 0x00000000   Number         0  stm32f1xx_hal_tim_ex.o ABSOLUTE
    ../Drivers/STM32F1xx_HAL_Driver/Src/stm32f1xx_hal_uart.c 0x00000000   Number         0  stm32f1xx_hal_uart.o ABSOLUTE
    ../clib/microlib/ctype/ctype.c           0x00000000   Number         0  isalnum_o.o ABSOLUTE
    ../clib/microlib/ctype/ctype.c           0x00000000   Number         0  isalpha_o.o ABSOLUTE
    ../clib/microlib/ctype/ctype.c           0x00000000   Number         0  isblank_o.o ABSOLUTE
    ../clib/microlib/ctype/ctype.c           0x00000000   Number         0  iscntrl_o.o ABSOLUTE
    ../clib/microlib/ctype/ctype.c           0x00000000   Number         0  isgraph_o.o ABSOLUTE
    ../clib/microlib/ctype/ctype.c           0x00000000   Number         0  islower_o.o ABSOLUTE
    ../clib/microlib/ctype/ctype.c           0x00000000   Number         0  ispunct_o.o ABSOLUTE
    ../clib/microlib/ctype/ctype.c           0x00000000   Number         0  ctype_o.o ABSOLUTE
    ../clib/microlib/ctype/ctype.c           0x00000000   Number         0  isxdigit_o.o ABSOLUTE
    ../clib/microlib/ctype/ctype.c           0x00000000   Number         0  isprint_o.o ABSOLUTE
    ../clib/microlib/ctype/ctype.c           0x00000000   Number         0  isupper_o.o ABSOLUTE
    ../clib/microlib/ctype/ctype.c           0x00000000   Number         0  isspace_o.o ABSOLUTE
    ../clib/microlib/ctype/ctype.c           0x00000000   Number         0  isdigit_o.o ABSOLUTE
    ../clib/microlib/division.c              0x00000000   Number         0  uidiv.o ABSOLUTE
    ../clib/microlib/division.c              0x00000000   Number         0  uldiv.o ABSOLUTE
    ../clib/microlib/errno.c                 0x00000000   Number         0  errno.o ABSOLUTE
    ../clib/microlib/init/entry.s            0x00000000   Number         0  entry9b.o ABSOLUTE
    ../clib/microlib/init/entry.s            0x00000000   Number         0  entry10a.o ABSOLUTE
    ../clib/microlib/init/entry.s            0x00000000   Number         0  entry7b.o ABSOLUTE
    ../clib/microlib/init/entry.s            0x00000000   Number         0  entry8a.o ABSOLUTE
    ../clib/microlib/init/entry.s            0x00000000   Number         0  entry7a.o ABSOLUTE
    ../clib/microlib/init/entry.s            0x00000000   Number         0  entry5.o ABSOLUTE
    ../clib/microlib/init/entry.s            0x00000000   Number         0  entry10b.o ABSOLUTE
    ../clib/microlib/init/entry.s            0x00000000   Number         0  entry.o ABSOLUTE
    ../clib/microlib/init/entry.s            0x00000000   Number         0  entry9a.o ABSOLUTE
    ../clib/microlib/init/entry.s            0x00000000   Number         0  entry11a.o ABSOLUTE
    ../clib/microlib/init/entry.s            0x00000000   Number         0  entry11b.o ABSOLUTE
    ../clib/microlib/init/entry.s            0x00000000   Number         0  entry2.o ABSOLUTE
    ../clib/microlib/init/entry.s            0x00000000   Number         0  entry8b.o ABSOLUTE
    ../clib/microlib/longlong.c              0x00000000   Number         0  llushr.o ABSOLUTE
    ../clib/microlib/longlong.c              0x00000000   Number         0  llshl.o ABSOLUTE
    ../clib/microlib/longlong.c              0x00000000   Number         0  llsshr.o ABSOLUTE
    ../clib/microlib/printf/printf.c         0x00000000   Number         0  printf6.o ABSOLUTE
    ../clib/microlib/printf/printf.c         0x00000000   Number         0  printf5.o ABSOLUTE
    ../clib/microlib/printf/printf.c         0x00000000   Number         0  printf4.o ABSOLUTE
    ../clib/microlib/printf/printf.c         0x00000000   Number         0  printf3.o ABSOLUTE
    ../clib/microlib/printf/printf.c         0x00000000   Number         0  printf7.o ABSOLUTE
    ../clib/microlib/printf/printf.c         0x00000000   Number         0  printf1.o ABSOLUTE
    ../clib/microlib/printf/printf.c         0x00000000   Number         0  printf0.o ABSOLUTE
    ../clib/microlib/printf/printf.c         0x00000000   Number         0  printfa.o ABSOLUTE
    ../clib/microlib/printf/printf.c         0x00000000   Number         0  printfb.o ABSOLUTE
    ../clib/microlib/printf/printf.c         0x00000000   Number         0  printf8.o ABSOLUTE
    ../clib/microlib/printf/printf.c         0x00000000   Number         0  printf2.o ABSOLUTE
    ../clib/microlib/printf/stubs.s          0x00000000   Number         0  stubs.o ABSOLUTE
    ../clib/microlib/stdio/streams.c         0x00000000   Number         0  stdout.o ABSOLUTE
    ../clib/microlib/string/memcpy.c         0x00000000   Number         0  memcpyb.o ABSOLUTE
    ../clib/microlib/string/memcpy.c         0x00000000   Number         0  memcpya.o ABSOLUTE
    ../clib/microlib/string/memset.c         0x00000000   Number         0  memseta.o ABSOLUTE
    ../clib/microlib/stubs.s                 0x00000000   Number         0  iusefp.o ABSOLUTE
    ../clib/scanf.c                          0x00000000   Number         0  strtol.o ABSOLUTE
    ../clib/scanf.c                          0x00000000   Number         0  atoi.o ABSOLUTE
    ../clib/scanf.c                          0x00000000   Number         0  _chval.o ABSOLUTE
    ../clib/scanf.c                          0x00000000   Number         0  _strtoul.o ABSOLUTE
    ../fplib/microlib/fpadd.c                0x00000000   Number         0  dadd.o ABSOLUTE
    ../fplib/microlib/fpdiv.c                0x00000000   Number         0  ddiv.o ABSOLUTE
    ../fplib/microlib/fpepilogue.c           0x00000000   Number         0  depilogue.o ABSOLUTE
    ../fplib/microlib/fpfix.c                0x00000000   Number         0  dfixul.o ABSOLUTE
    ../fplib/microlib/fpflt.c                0x00000000   Number         0  dflti.o ABSOLUTE
    ../fplib/microlib/fpmul.c                0x00000000   Number         0  dmul.o ABSOLUTE
    ../fplib/microlib/fpscalb.c              0x00000000   Number         0  dscalb.o ABSOLUTE
    ..\BSP\bsp.c                             0x00000000   Number         0  bsp.o ABSOLUTE
    ..\BSP\bsp_gpio.c                        0x00000000   Number         0  bsp_gpio.o ABSOLUTE
    ..\BSP\bsp_led.c                         0x00000000   Number         0  bsp_led.o ABSOLUTE
    ..\BSP\bsp_string.c                      0x00000000   Number         0  bsp_string.o ABSOLUTE
    ..\BSP\bsp_timer.c                       0x00000000   Number         0  bsp_timer.o ABSOLUTE
    ..\BSP\bsp_usart.c                       0x00000000   Number         0  bsp_usart.o ABSOLUTE
    ..\Core\Src\main.c                       0x00000000   Number         0  main.o ABSOLUTE
    ..\Core\Src\stm32f1xx_hal_msp.c          0x00000000   Number         0  stm32f1xx_hal_msp.o ABSOLUTE
    ..\Core\Src\stm32f1xx_it.c               0x00000000   Number         0  stm32f1xx_it.o ABSOLUTE
    ..\Core\Src\system_stm32f1xx.c           0x00000000   Number         0  system_stm32f1xx.o ABSOLUTE
    ..\Drivers\STM32F1xx_HAL_Driver\Src\stm32f1xx_hal.c 0x00000000   Number         0  stm32f1xx_hal.o ABSOLUTE
    ..\Drivers\STM32F1xx_HAL_Driver\Src\stm32f1xx_hal_cortex.c 0x00000000   Number         0  stm32f1xx_hal_cortex.o ABSOLUTE
    ..\Drivers\STM32F1xx_HAL_Driver\Src\stm32f1xx_hal_dma.c 0x00000000   Number         0  stm32f1xx_hal_dma.o ABSOLUTE
    ..\Drivers\STM32F1xx_HAL_Driver\Src\stm32f1xx_hal_exti.c 0x00000000   Number         0  stm32f1xx_hal_exti.o ABSOLUTE
    ..\Drivers\STM32F1xx_HAL_Driver\Src\stm32f1xx_hal_flash.c 0x00000000   Number         0  stm32f1xx_hal_flash.o ABSOLUTE
    ..\Drivers\STM32F1xx_HAL_Driver\Src\stm32f1xx_hal_flash_ex.c 0x00000000   Number         0  stm32f1xx_hal_flash_ex.o ABSOLUTE
    ..\Drivers\STM32F1xx_HAL_Driver\Src\stm32f1xx_hal_gpio.c 0x00000000   Number         0  stm32f1xx_hal_gpio.o ABSOLUTE
    ..\Drivers\STM32F1xx_HAL_Driver\Src\stm32f1xx_hal_gpio_ex.c 0x00000000   Number         0  stm32f1xx_hal_gpio_ex.o ABSOLUTE
    ..\Drivers\STM32F1xx_HAL_Driver\Src\stm32f1xx_hal_i2c.c 0x00000000   Number         0  stm32f1xx_hal_i2c.o ABSOLUTE
    ..\Drivers\STM32F1xx_HAL_Driver\Src\stm32f1xx_hal_pwr.c 0x00000000   Number         0  stm32f1xx_hal_pwr.o ABSOLUTE
    ..\Drivers\STM32F1xx_HAL_Driver\Src\stm32f1xx_hal_rcc.c 0x00000000   Number         0  stm32f1xx_hal_rcc.o ABSOLUTE
    ..\Drivers\STM32F1xx_HAL_Driver\Src\stm32f1xx_hal_rcc_ex.c 0x00000000   Number         0  stm32f1xx_hal_rcc_ex.o ABSOLUTE
    ..\Drivers\STM32F1xx_HAL_Driver\Src\stm32f1xx_hal_tim.c 0x00000000   Number         0  stm32f1xx_hal_tim.o ABSOLUTE
    ..\Drivers\STM32F1xx_HAL_Driver\Src\stm32f1xx_hal_tim_ex.c 0x00000000   Number         0  stm32f1xx_hal_tim_ex.o ABSOLUTE
    ..\Drivers\STM32F1xx_HAL_Driver\Src\stm32f1xx_hal_uart.c 0x00000000   Number         0  stm32f1xx_hal_uart.o ABSOLUTE
    ..\\BSP\\bsp.c                           0x00000000   Number         0  bsp.o ABSOLUTE
    ..\\BSP\\bsp_gpio.c                      0x00000000   Number         0  bsp_gpio.o ABSOLUTE
    ..\\BSP\\bsp_led.c                       0x00000000   Number         0  bsp_led.o ABSOLUTE
    ..\\BSP\\bsp_timer.c                     0x00000000   Number         0  bsp_timer.o ABSOLUTE
    ..\\BSP\\bsp_usart.c                     0x00000000   Number         0  bsp_usart.o ABSOLUTE
    cdcmple.s                                0x00000000   Number         0  cdcmple.o ABSOLUTE
    cdrcmple.s                               0x00000000   Number         0  cdrcmple.o ABSOLUTE
    dc.s                                     0x00000000   Number         0  dc.o ABSOLUTE
    handlers.s                               0x00000000   Number         0  handlers.o ABSOLUTE
    init.s                                   0x00000000   Number         0  init.o ABSOLUTE
    startup_stm32f103xe.s                    0x00000000   Number         0  startup_stm32f103xe.o ABSOLUTE
    RESET                                    0x08000000   Section      304  startup_stm32f103xe.o(RESET)
    .ARM.Collect$$$$00000000                 0x08000130   Section        0  entry.o(.ARM.Collect$$$$00000000)
    .ARM.Collect$$$$00000001                 0x08000130   Section        4  entry2.o(.ARM.Collect$$$$00000001)
    .ARM.Collect$$$$00000004                 0x08000134   Section        4  entry5.o(.ARM.Collect$$$$00000004)
    .ARM.Collect$$$$00000008                 0x08000138   Section        0  entry7b.o(.ARM.Collect$$$$00000008)
    .ARM.Collect$$$$0000000A                 0x08000138   Section        0  entry8b.o(.ARM.Collect$$$$0000000A)
    .ARM.Collect$$$$0000000B                 0x08000138   Section        8  entry9a.o(.ARM.Collect$$$$0000000B)
    .ARM.Collect$$$$0000000D                 0x08000140   Section        0  entry10a.o(.ARM.Collect$$$$0000000D)
    .ARM.Collect$$$$0000000F                 0x08000140   Section        0  entry11a.o(.ARM.Collect$$$$0000000F)
    .ARM.Collect$$$$00002712                 0x08000140   Section        4  entry2.o(.ARM.Collect$$$$00002712)
    __lit__00000000                          0x08000140   Data           4  entry2.o(.ARM.Collect$$$$00002712)
    .text                                    0x08000144   Section       36  startup_stm32f103xe.o(.text)
    .text                                    0x08000168   Section        0  llushr.o(.text)
    .text                                    0x08000188   Section        0  memseta.o(.text)
    .text                                    0x080001ac   Section        0  atoi.o(.text)
    .text                                    0x080001c6   Section        0  uidiv.o(.text)
    .text                                    0x080001f2   Section        0  uldiv.o(.text)
    .text                                    0x08000254   Section        0  strtol.o(.text)
    .text                                    0x080002c4   Section        0  depilogue.o(.text)
    .text                                    0x080002c4   Section        0  iusefp.o(.text)
    .text                                    0x0800037e   Section        0  dadd.o(.text)
    .text                                    0x080004cc   Section        0  dmul.o(.text)
    .text                                    0x080005b0   Section        0  ddiv.o(.text)
    .text                                    0x0800068e   Section        0  dfixul.o(.text)
    .text                                    0x080006c0   Section       48  cdrcmple.o(.text)
    .text                                    0x080006f0   Section       36  init.o(.text)
    .text                                    0x08000714   Section        0  llshl.o(.text)
    .text                                    0x08000732   Section        0  llsshr.o(.text)
    .text                                    0x08000758   Section        0  ctype_o.o(.text)
    .text                                    0x08000760   Section        0  _strtoul.o(.text)
    .text                                    0x080007fe   Section        0  _chval.o(.text)
    i.BusFault_Handler                       0x0800081a   Section        0  stm32f1xx_it.o(i.BusFault_Handler)
    i.Clear                                  0x0800081c   Section        0  bsp_string.o(i.Clear)
    i.DebugMon_Handler                       0x0800082c   Section        0  stm32f1xx_it.o(i.DebugMon_Handler)
    i.HAL_DMA_Abort                          0x0800082e   Section        0  stm32f1xx_hal_dma.o(i.HAL_DMA_Abort)
    i.HAL_DMA_Abort_IT                       0x08000878   Section        0  stm32f1xx_hal_dma.o(i.HAL_DMA_Abort_IT)
    i.HAL_GPIO_Init                          0x080009ec   Section        0  stm32f1xx_hal_gpio.o(i.HAL_GPIO_Init)
    i.HAL_GPIO_ReadPin                       0x08000c04   Section        0  stm32f1xx_hal_gpio.o(i.HAL_GPIO_ReadPin)
    i.HAL_GPIO_TogglePin                     0x08000c12   Section        0  stm32f1xx_hal_gpio.o(i.HAL_GPIO_TogglePin)
    i.HAL_GPIO_WritePin                      0x08000c22   Section        0  stm32f1xx_hal_gpio.o(i.HAL_GPIO_WritePin)
    i.HAL_GetTick                            0x08000c30   Section        0  stm32f1xx_hal.o(i.HAL_GetTick)
    i.HAL_I2C_Init                           0x08000c3c   Section        0  stm32f1xx_hal_i2c.o(i.HAL_I2C_Init)
    i.HAL_I2C_MspInit                        0x08000de8   Section        0  stm32f1xx_hal_msp.o(i.HAL_I2C_MspInit)
    i.HAL_IncTick                            0x08000e80   Section        0  stm32f1xx_hal.o(i.HAL_IncTick)
    i.HAL_Init                               0x08000e90   Section        0  stm32f1xx_hal.o(i.HAL_Init)
    i.HAL_InitTick                           0x08000eb4   Section        0  stm32f1xx_hal.o(i.HAL_InitTick)
    i.HAL_MspInit                            0x08000ef8   Section        0  stm32f1xx_hal_msp.o(i.HAL_MspInit)
    i.HAL_NVIC_EnableIRQ                     0x08000f34   Section        0  stm32f1xx_hal_cortex.o(i.HAL_NVIC_EnableIRQ)
    i.HAL_NVIC_SetPriority                   0x08000f50   Section        0  stm32f1xx_hal_cortex.o(i.HAL_NVIC_SetPriority)
    i.HAL_NVIC_SetPriorityGrouping           0x08000fb8   Section        0  stm32f1xx_hal_cortex.o(i.HAL_NVIC_SetPriorityGrouping)
    i.HAL_RCC_ClockConfig                    0x08000fdc   Section        0  stm32f1xx_hal_rcc.o(i.HAL_RCC_ClockConfig)
    i.HAL_RCC_GetHCLKFreq                    0x0800115c   Section        0  stm32f1xx_hal_rcc.o(i.HAL_RCC_GetHCLKFreq)
    i.HAL_RCC_GetPCLK1Freq                   0x08001168   Section        0  stm32f1xx_hal_rcc.o(i.HAL_RCC_GetPCLK1Freq)
    i.HAL_RCC_GetPCLK2Freq                   0x08001188   Section        0  stm32f1xx_hal_rcc.o(i.HAL_RCC_GetPCLK2Freq)
    i.HAL_RCC_GetSysClockFreq                0x080011a8   Section        0  stm32f1xx_hal_rcc.o(i.HAL_RCC_GetSysClockFreq)
    i.HAL_RCC_OscConfig                      0x08001220   Section        0  stm32f1xx_hal_rcc.o(i.HAL_RCC_OscConfig)
    i.HAL_SYSTICK_Config                     0x0800164c   Section        0  stm32f1xx_hal_cortex.o(i.HAL_SYSTICK_Config)
    i.HAL_TIMEx_BreakCallback                0x08001674   Section        0  stm32f1xx_hal_tim_ex.o(i.HAL_TIMEx_BreakCallback)
    i.HAL_TIMEx_CommutCallback               0x08001676   Section        0  stm32f1xx_hal_tim_ex.o(i.HAL_TIMEx_CommutCallback)
    i.HAL_TIMEx_MasterConfigSynchronization  0x08001678   Section        0  stm32f1xx_hal_tim_ex.o(i.HAL_TIMEx_MasterConfigSynchronization)
    i.HAL_TIM_Base_Init                      0x080016fe   Section        0  stm32f1xx_hal_tim.o(i.HAL_TIM_Base_Init)
    i.HAL_TIM_Base_MspInit                   0x0800175c   Section        0  stm32f1xx_hal_msp.o(i.HAL_TIM_Base_MspInit)
    i.HAL_TIM_Base_Start_IT                  0x080018ac   Section        0  stm32f1xx_hal_tim.o(i.HAL_TIM_Base_Start_IT)
    i.HAL_TIM_ConfigClockSource              0x08001922   Section        0  stm32f1xx_hal_tim.o(i.HAL_TIM_ConfigClockSource)
    i.HAL_TIM_IC_CaptureCallback             0x08001a06   Section        0  stm32f1xx_hal_tim.o(i.HAL_TIM_IC_CaptureCallback)
    i.HAL_TIM_IRQHandler                     0x08001a08   Section        0  stm32f1xx_hal_tim.o(i.HAL_TIM_IRQHandler)
    i.HAL_TIM_OC_DelayElapsedCallback        0x08001b7c   Section        0  stm32f1xx_hal_tim.o(i.HAL_TIM_OC_DelayElapsedCallback)
    i.HAL_TIM_PWM_PulseFinishedCallback      0x08001b7e   Section        0  stm32f1xx_hal_tim.o(i.HAL_TIM_PWM_PulseFinishedCallback)
    i.HAL_TIM_PeriodElapsedCallback          0x08001b80   Section        0  bsp_timer.o(i.HAL_TIM_PeriodElapsedCallback)
    i.HAL_TIM_TriggerCallback                0x08001ce8   Section        0  stm32f1xx_hal_tim.o(i.HAL_TIM_TriggerCallback)
    i.HAL_UARTEx_RxEventCallback             0x08001cea   Section        0  stm32f1xx_hal_uart.o(i.HAL_UARTEx_RxEventCallback)
    i.HAL_UART_ErrorCallback                 0x08001cec   Section        0  stm32f1xx_hal_uart.o(i.HAL_UART_ErrorCallback)
    i.HAL_UART_IRQHandler                    0x08001cf0   Section        0  stm32f1xx_hal_uart.o(i.HAL_UART_IRQHandler)
    i.HAL_UART_Init                          0x08001ef0   Section        0  stm32f1xx_hal_uart.o(i.HAL_UART_Init)
    i.HAL_UART_MspInit                       0x08001f54   Section        0  stm32f1xx_hal_msp.o(i.HAL_UART_MspInit)
    i.HAL_UART_Receive_IT                    0x08002134   Section        0  stm32f1xx_hal_uart.o(i.HAL_UART_Receive_IT)
    i.HAL_UART_RxCpltCallback                0x08002164   Section        0  bsp_usart.o(i.HAL_UART_RxCpltCallback)
    i.HAL_UART_Transmit                      0x08002208   Section        0  stm32f1xx_hal_uart.o(i.HAL_UART_Transmit)
    i.HAL_UART_TxCpltCallback                0x080022d2   Section        0  bsp_usart.o(i.HAL_UART_TxCpltCallback)
    i.Handle_UART1                           0x080022d8   Section        0  bsp_usart.o(i.Handle_UART1)
    i.HardFault_Handler                      0x08002424   Section        0  stm32f1xx_it.o(i.HardFault_Handler)
    i.Len                                    0x08002426   Section        0  bsp_string.o(i.Len)
    i.MX_GPIO_Init                           0x0800243c   Section        0  main.o(i.MX_GPIO_Init)
    MX_GPIO_Init                             0x0800243d   Thumb Code   354  main.o(i.MX_GPIO_Init)
    i.MX_TIM1_Init                           0x080025b8   Section        0  main.o(i.MX_TIM1_Init)
    MX_TIM1_Init                             0x080025b9   Thumb Code   100  main.o(i.MX_TIM1_Init)
    i.MX_TIM2_Init                           0x08002624   Section        0  main.o(i.MX_TIM2_Init)
    MX_TIM2_Init                             0x08002625   Thumb Code   100  main.o(i.MX_TIM2_Init)
    i.MX_TIM3_Init                           0x0800268c   Section        0  main.o(i.MX_TIM3_Init)
    MX_TIM3_Init                             0x0800268d   Thumb Code    98  main.o(i.MX_TIM3_Init)
    i.MX_TIM4_Init                           0x080026f8   Section        0  main.o(i.MX_TIM4_Init)
    MX_TIM4_Init                             0x080026f9   Thumb Code    98  main.o(i.MX_TIM4_Init)
    i.MX_TIM5_Init                           0x08002764   Section        0  main.o(i.MX_TIM5_Init)
    MX_TIM5_Init                             0x08002765   Thumb Code    98  main.o(i.MX_TIM5_Init)
    i.MX_TIM8_Init                           0x080027d0   Section        0  main.o(i.MX_TIM8_Init)
    MX_TIM8_Init                             0x080027d1   Thumb Code   100  main.o(i.MX_TIM8_Init)
    i.MemManage_Handler                      0x0800283c   Section        0  stm32f1xx_it.o(i.MemManage_Handler)
    i.MyTIME_Init                            0x08002840   Section        0  bsp_timer.o(i.MyTIME_Init)
    i.NMI_Handler                            0x0800284c   Section        0  stm32f1xx_it.o(i.NMI_Handler)
    i.PendSV_Handler                         0x0800284e   Section        0  stm32f1xx_it.o(i.PendSV_Handler)
    i.RCC_Delay                              0x08002850   Section        0  stm32f1xx_hal_rcc.o(i.RCC_Delay)
    RCC_Delay                                0x08002851   Thumb Code    32  stm32f1xx_hal_rcc.o(i.RCC_Delay)
    i.SVC_Handler                            0x08002874   Section        0  stm32f1xx_it.o(i.SVC_Handler)
    i.ScanInput                              0x08002878   Section        0  bsp_gpio.o(i.ScanInput)
    i.ScanOutput                             0x080029dc   Section        0  bsp_gpio.o(i.ScanOutput)
    i.Split                                  0x08002a98   Section        0  bsp_string.o(i.Split)
    i.StringCompare                          0x08002ae0   Section        0  bsp_string.o(i.StringCompare)
    i.SysTick_Handler                        0x08002b36   Section        0  stm32f1xx_it.o(i.SysTick_Handler)
    i.SystemClock_Config                     0x08002b3a   Section        0  main.o(i.SystemClock_Config)
    i.SystemInit                             0x08002b98   Section        0  system_stm32f1xx.o(i.SystemInit)
    i.TIM1_UP_IRQHandler                     0x08002b9c   Section        0  stm32f1xx_it.o(i.TIM1_UP_IRQHandler)
    i.TIM2_IRQHandler                        0x08002ba8   Section        0  stm32f1xx_it.o(i.TIM2_IRQHandler)
    i.TIM3_IRQHandler                        0x08002bb4   Section        0  stm32f1xx_it.o(i.TIM3_IRQHandler)
    i.TIM4_IRQHandler                        0x08002bc0   Section        0  stm32f1xx_it.o(i.TIM4_IRQHandler)
    i.TIM5_IRQHandler                        0x08002bcc   Section        0  stm32f1xx_it.o(i.TIM5_IRQHandler)
    i.TIM6_IRQHandler                        0x08002bd8   Section        0  stm32f1xx_it.o(i.TIM6_IRQHandler)
    i.TIM7_IRQHandler                        0x08002be4   Section        0  stm32f1xx_it.o(i.TIM7_IRQHandler)
    i.TIM8_UP_IRQHandler                     0x08002bf0   Section        0  stm32f1xx_it.o(i.TIM8_UP_IRQHandler)
    i.TIM_Base_SetConfig                     0x08002bfc   Section        0  stm32f1xx_hal_tim.o(i.TIM_Base_SetConfig)
    i.TIM_ETR_SetConfig                      0x08002c8c   Section        0  stm32f1xx_hal_tim.o(i.TIM_ETR_SetConfig)
    i.TIM_ITRx_SetConfig                     0x08002ca2   Section        0  stm32f1xx_hal_tim.o(i.TIM_ITRx_SetConfig)
    TIM_ITRx_SetConfig                       0x08002ca3   Thumb Code    16  stm32f1xx_hal_tim.o(i.TIM_ITRx_SetConfig)
    i.TIM_TI1_ConfigInputStage               0x08002cb2   Section        0  stm32f1xx_hal_tim.o(i.TIM_TI1_ConfigInputStage)
    TIM_TI1_ConfigInputStage                 0x08002cb3   Thumb Code    38  stm32f1xx_hal_tim.o(i.TIM_TI1_ConfigInputStage)
    i.TIM_TI2_ConfigInputStage               0x08002cd8   Section        0  stm32f1xx_hal_tim.o(i.TIM_TI2_ConfigInputStage)
    TIM_TI2_ConfigInputStage                 0x08002cd9   Thumb Code    36  stm32f1xx_hal_tim.o(i.TIM_TI2_ConfigInputStage)
    i.UART_DMAAbortOnError                   0x08002cfc   Section        0  stm32f1xx_hal_uart.o(i.UART_DMAAbortOnError)
    UART_DMAAbortOnError                     0x08002cfd   Thumb Code    16  stm32f1xx_hal_uart.o(i.UART_DMAAbortOnError)
    i.UART_EndRxTransfer                     0x08002d0c   Section        0  stm32f1xx_hal_uart.o(i.UART_EndRxTransfer)
    UART_EndRxTransfer                       0x08002d0d   Thumb Code    48  stm32f1xx_hal_uart.o(i.UART_EndRxTransfer)
    i.UART_EndTransmit_IT                    0x08002d3c   Section        0  stm32f1xx_hal_uart.o(i.UART_EndTransmit_IT)
    UART_EndTransmit_IT                      0x08002d3d   Thumb Code    26  stm32f1xx_hal_uart.o(i.UART_EndTransmit_IT)
    i.UART_Receive_IT                        0x08002d56   Section        0  stm32f1xx_hal_uart.o(i.UART_Receive_IT)
    UART_Receive_IT                          0x08002d57   Thumb Code   190  stm32f1xx_hal_uart.o(i.UART_Receive_IT)
    i.UART_SetConfig                         0x08002e14   Section        0  stm32f1xx_hal_uart.o(i.UART_SetConfig)
    UART_SetConfig                           0x08002e15   Thumb Code   194  stm32f1xx_hal_uart.o(i.UART_SetConfig)
    i.UART_Start_Receive_IT                  0x08002edc   Section        0  stm32f1xx_hal_uart.o(i.UART_Start_Receive_IT)
    i.UART_Transmit_IT                       0x08002f12   Section        0  stm32f1xx_hal_uart.o(i.UART_Transmit_IT)
    UART_Transmit_IT                         0x08002f13   Thumb Code    94  stm32f1xx_hal_uart.o(i.UART_Transmit_IT)
    i.UART_WaitOnFlagUntilTimeout            0x08002f70   Section        0  stm32f1xx_hal_uart.o(i.UART_WaitOnFlagUntilTimeout)
    UART_WaitOnFlagUntilTimeout              0x08002f71   Thumb Code   120  stm32f1xx_hal_uart.o(i.UART_WaitOnFlagUntilTimeout)
    i.USART1_IRQHandler                      0x08002fe8   Section        0  stm32f1xx_it.o(i.USART1_IRQHandler)
    i.UsageFault_Handler                     0x08002ff4   Section        0  stm32f1xx_it.o(i.UsageFault_Handler)
    i.__0printf                              0x08002ff8   Section        0  printfa.o(i.__0printf)
    i.__0vsnprintf                           0x08003018   Section        0  printfa.o(i.__0vsnprintf)
    i.__aeabi_errno_addr                     0x08003044   Section        0  errno.o(i.__aeabi_errno_addr)
    i.__scatterload_copy                     0x0800304c   Section       14  handlers.o(i.__scatterload_copy)
    i.__scatterload_null                     0x0800305a   Section        2  handlers.o(i.__scatterload_null)
    i.__scatterload_zeroinit                 0x0800305c   Section       14  handlers.o(i.__scatterload_zeroinit)
    i._fp_digits                             0x0800306c   Section        0  printfa.o(i._fp_digits)
    _fp_digits                               0x0800306d   Thumb Code   366  printfa.o(i._fp_digits)
    i._printf_core                           0x080031f0   Section        0  printfa.o(i._printf_core)
    _printf_core                             0x080031f1   Thumb Code  1744  printfa.o(i._printf_core)
    i._printf_post_padding                   0x080038cc   Section        0  printfa.o(i._printf_post_padding)
    _printf_post_padding                     0x080038cd   Thumb Code    36  printfa.o(i._printf_post_padding)
    i._printf_pre_padding                    0x080038f0   Section        0  printfa.o(i._printf_pre_padding)
    _printf_pre_padding                      0x080038f1   Thumb Code    46  printfa.o(i._printf_pre_padding)
    i._snputc                                0x0800391e   Section        0  printfa.o(i._snputc)
    _snputc                                  0x0800391f   Thumb Code    22  printfa.o(i._snputc)
    i.fputc                                  0x08003934   Section        0  bsp_usart.o(i.fputc)
    i.main                                   0x08003950   Section        0  main.o(i.main)
    i.my_printf                              0x08003b10   Section        0  bsp_usart.o(i.my_printf)
    i.wait_ready                             0x08003b3c   Section        0  bsp.o(i.wait_ready)
    i.work_flow                              0x08003c80   Section        0  bsp.o(i.work_flow)
    .constdata                               0x08003cac   Section       16  system_stm32f1xx.o(.constdata)
    .constdata                               0x08003cbc   Section        8  system_stm32f1xx.o(.constdata)
    .constdata                               0x08003cc4   Section      129  ctype_o.o(.constdata)
    .constdata                               0x08003d48   Section        4  ctype_o.o(.constdata)
    table                                    0x08003d48   Data           4  ctype_o.o(.constdata)
    .data                                    0x20000000   Section        4  bsp_timer.o(.data)
    .data                                    0x20000004   Section        8  bsp_timer.o(.data)
    count                                    0x20000004   Data           4  bsp_timer.o(.data)
    .data                                    0x2000000c   Section        7  bsp_usart.o(.data)
    .data                                    0x20000014   Section       12  bsp_gpio.o(.data)
    .data                                    0x20000020   Section       12  stm32f1xx_hal.o(.data)
    .data                                    0x2000002c   Section        4  system_stm32f1xx.o(.data)
    .data                                    0x20000030   Section        4  stdout.o(.data)
    .data                                    0x20000034   Section        4  errno.o(.data)
    _errno                                   0x20000034   Data           4  errno.o(.data)
    .bss                                     0x20000038   Section     1084  main.o(.bss)
    .bss                                     0x20000478   Section       96  bsp_timer.o(.bss)
    .bss                                     0x200004d8   Section     2860  bsp_usart.o(.bss)
    STACK                                    0x20001008   Section     1024  startup_stm32f103xe.o(STACK)

    Global Symbols

    Symbol Name                              Value     Ov Type        Size  Object(Section)

    BuildAttributes$$THM_ISAv4$P$D$K$B$S$PE$A:L22UL41UL21$X:L11$S22US41US21$IEEE1$IW$USESV6$~STKCKD$USESV7$~SHL$OTIME$ROPI$EBA8$MICROLIB$REQ8$PRES8$EABIv2 0x00000000   Number         0  anon$$obj.o ABSOLUTE
    __ARM_use_no_argv                        0x00000000   Number         0  main.o ABSOLUTE
    _printf_a                                0x00000000   Number         0  stubs.o ABSOLUTE
    _printf_c                                0x00000000   Number         0  stubs.o ABSOLUTE
    _printf_charcount                        0x00000000   Number         0  stubs.o ABSOLUTE
    _printf_d                                0x00000000   Number         0  stubs.o ABSOLUTE
    _printf_e                                0x00000000   Number         0  stubs.o ABSOLUTE
    _printf_f                                0x00000000   Number         0  stubs.o ABSOLUTE
    _printf_flags                            0x00000000   Number         0  stubs.o ABSOLUTE
    _printf_fp_dec                           0x00000000   Number         0  stubs.o ABSOLUTE
    _printf_fp_hex                           0x00000000   Number         0  stubs.o ABSOLUTE
    _printf_g                                0x00000000   Number         0  stubs.o ABSOLUTE
    _printf_i                                0x00000000   Number         0  stubs.o ABSOLUTE
    _printf_int_dec                          0x00000000   Number         0  stubs.o ABSOLUTE
    _printf_l                                0x00000000   Number         0  stubs.o ABSOLUTE
    _printf_lc                               0x00000000   Number         0  stubs.o ABSOLUTE
    _printf_ll                               0x00000000   Number         0  stubs.o ABSOLUTE
    _printf_lld                              0x00000000   Number         0  stubs.o ABSOLUTE
    _printf_lli                              0x00000000   Number         0  stubs.o ABSOLUTE
    _printf_llo                              0x00000000   Number         0  stubs.o ABSOLUTE
    _printf_llu                              0x00000000   Number         0  stubs.o ABSOLUTE
    _printf_llx                              0x00000000   Number         0  stubs.o ABSOLUTE
    _printf_longlong_dec                     0x00000000   Number         0  stubs.o ABSOLUTE
    _printf_longlong_hex                     0x00000000   Number         0  stubs.o ABSOLUTE
    _printf_longlong_oct                     0x00000000   Number         0  stubs.o ABSOLUTE
    _printf_ls                               0x00000000   Number         0  stubs.o ABSOLUTE
    _printf_mbtowc                           0x00000000   Number         0  stubs.o ABSOLUTE
    _printf_n                                0x00000000   Number         0  stubs.o ABSOLUTE
    _printf_o                                0x00000000   Number         0  stubs.o ABSOLUTE
    _printf_p                                0x00000000   Number         0  stubs.o ABSOLUTE
    _printf_percent                          0x00000000   Number         0  stubs.o ABSOLUTE
    _printf_pre_padding                      0x00000000   Number         0  stubs.o ABSOLUTE
    _printf_return_value                     0x00000000   Number         0  stubs.o ABSOLUTE
    _printf_s                                0x00000000   Number         0  stubs.o ABSOLUTE
    _printf_sizespec                         0x00000000   Number         0  stubs.o ABSOLUTE
    _printf_str                              0x00000000   Number         0  stubs.o ABSOLUTE
    _printf_truncate_signed                  0x00000000   Number         0  stubs.o ABSOLUTE
    _printf_truncate_unsigned                0x00000000   Number         0  stubs.o ABSOLUTE
    _printf_u                                0x00000000   Number         0  stubs.o ABSOLUTE
    _printf_wc                               0x00000000   Number         0  stubs.o ABSOLUTE
    _printf_wctomb                           0x00000000   Number         0  stubs.o ABSOLUTE
    _printf_widthprec                        0x00000000   Number         0  stubs.o ABSOLUTE
    _printf_x                                0x00000000   Number         0  stubs.o ABSOLUTE
    __cpp_initialize__aeabi_                  - Undefined Weak Reference
    __cxa_finalize                            - Undefined Weak Reference
    __decompress                              - Undefined Weak Reference
    _clock_init                               - Undefined Weak Reference
    _microlib_exit                            - Undefined Weak Reference
    __Vectors_Size                           0x00000130   Number         0  startup_stm32f103xe.o ABSOLUTE
    __Vectors                                0x08000000   Data           4  startup_stm32f103xe.o(RESET)
    __Vectors_End                            0x08000130   Data           0  startup_stm32f103xe.o(RESET)
    __main                                   0x08000131   Thumb Code     0  entry.o(.ARM.Collect$$$$00000000)
    _main_stk                                0x08000131   Thumb Code     0  entry2.o(.ARM.Collect$$$$00000001)
    _main_scatterload                        0x08000135   Thumb Code     0  entry5.o(.ARM.Collect$$$$00000004)
    __main_after_scatterload                 0x08000139   Thumb Code     0  entry5.o(.ARM.Collect$$$$00000004)
    _main_clock                              0x08000139   Thumb Code     0  entry7b.o(.ARM.Collect$$$$00000008)
    _main_cpp_init                           0x08000139   Thumb Code     0  entry8b.o(.ARM.Collect$$$$0000000A)
    _main_init                               0x08000139   Thumb Code     0  entry9a.o(.ARM.Collect$$$$0000000B)
    __rt_final_cpp                           0x08000141   Thumb Code     0  entry10a.o(.ARM.Collect$$$$0000000D)
    __rt_final_exit                          0x08000141   Thumb Code     0  entry11a.o(.ARM.Collect$$$$0000000F)
    Reset_Handler                            0x08000145   Thumb Code     8  startup_stm32f103xe.o(.text)
    ADC1_2_IRQHandler                        0x0800015f   Thumb Code     0  startup_stm32f103xe.o(.text)
    ADC3_IRQHandler                          0x0800015f   Thumb Code     0  startup_stm32f103xe.o(.text)
    CAN1_RX1_IRQHandler                      0x0800015f   Thumb Code     0  startup_stm32f103xe.o(.text)
    CAN1_SCE_IRQHandler                      0x0800015f   Thumb Code     0  startup_stm32f103xe.o(.text)
    DMA1_Channel1_IRQHandler                 0x0800015f   Thumb Code     0  startup_stm32f103xe.o(.text)
    DMA1_Channel2_IRQHandler                 0x0800015f   Thumb Code     0  startup_stm32f103xe.o(.text)
    DMA1_Channel3_IRQHandler                 0x0800015f   Thumb Code     0  startup_stm32f103xe.o(.text)
    DMA1_Channel4_IRQHandler                 0x0800015f   Thumb Code     0  startup_stm32f103xe.o(.text)
    DMA1_Channel5_IRQHandler                 0x0800015f   Thumb Code     0  startup_stm32f103xe.o(.text)
    DMA1_Channel6_IRQHandler                 0x0800015f   Thumb Code     0  startup_stm32f103xe.o(.text)
    DMA1_Channel7_IRQHandler                 0x0800015f   Thumb Code     0  startup_stm32f103xe.o(.text)
    DMA2_Channel1_IRQHandler                 0x0800015f   Thumb Code     0  startup_stm32f103xe.o(.text)
    DMA2_Channel2_IRQHandler                 0x0800015f   Thumb Code     0  startup_stm32f103xe.o(.text)
    DMA2_Channel3_IRQHandler                 0x0800015f   Thumb Code     0  startup_stm32f103xe.o(.text)
    DMA2_Channel4_5_IRQHandler               0x0800015f   Thumb Code     0  startup_stm32f103xe.o(.text)
    EXTI0_IRQHandler                         0x0800015f   Thumb Code     0  startup_stm32f103xe.o(.text)
    EXTI15_10_IRQHandler                     0x0800015f   Thumb Code     0  startup_stm32f103xe.o(.text)
    EXTI1_IRQHandler                         0x0800015f   Thumb Code     0  startup_stm32f103xe.o(.text)
    EXTI2_IRQHandler                         0x0800015f   Thumb Code     0  startup_stm32f103xe.o(.text)
    EXTI3_IRQHandler                         0x0800015f   Thumb Code     0  startup_stm32f103xe.o(.text)
    EXTI4_IRQHandler                         0x0800015f   Thumb Code     0  startup_stm32f103xe.o(.text)
    EXTI9_5_IRQHandler                       0x0800015f   Thumb Code     0  startup_stm32f103xe.o(.text)
    FLASH_IRQHandler                         0x0800015f   Thumb Code     0  startup_stm32f103xe.o(.text)
    FSMC_IRQHandler                          0x0800015f   Thumb Code     0  startup_stm32f103xe.o(.text)
    I2C1_ER_IRQHandler                       0x0800015f   Thumb Code     0  startup_stm32f103xe.o(.text)
    I2C1_EV_IRQHandler                       0x0800015f   Thumb Code     0  startup_stm32f103xe.o(.text)
    I2C2_ER_IRQHandler                       0x0800015f   Thumb Code     0  startup_stm32f103xe.o(.text)
    I2C2_EV_IRQHandler                       0x0800015f   Thumb Code     0  startup_stm32f103xe.o(.text)
    PVD_IRQHandler                           0x0800015f   Thumb Code     0  startup_stm32f103xe.o(.text)
    RCC_IRQHandler                           0x0800015f   Thumb Code     0  startup_stm32f103xe.o(.text)
    RTC_Alarm_IRQHandler                     0x0800015f   Thumb Code     0  startup_stm32f103xe.o(.text)
    RTC_IRQHandler                           0x0800015f   Thumb Code     0  startup_stm32f103xe.o(.text)
    SDIO_IRQHandler                          0x0800015f   Thumb Code     0  startup_stm32f103xe.o(.text)
    SPI1_IRQHandler                          0x0800015f   Thumb Code     0  startup_stm32f103xe.o(.text)
    SPI2_IRQHandler                          0x0800015f   Thumb Code     0  startup_stm32f103xe.o(.text)
    SPI3_IRQHandler                          0x0800015f   Thumb Code     0  startup_stm32f103xe.o(.text)
    TAMPER_IRQHandler                        0x0800015f   Thumb Code     0  startup_stm32f103xe.o(.text)
    TIM1_BRK_IRQHandler                      0x0800015f   Thumb Code     0  startup_stm32f103xe.o(.text)
    TIM1_CC_IRQHandler                       0x0800015f   Thumb Code     0  startup_stm32f103xe.o(.text)
    TIM1_TRG_COM_IRQHandler                  0x0800015f   Thumb Code     0  startup_stm32f103xe.o(.text)
    TIM8_BRK_IRQHandler                      0x0800015f   Thumb Code     0  startup_stm32f103xe.o(.text)
    TIM8_CC_IRQHandler                       0x0800015f   Thumb Code     0  startup_stm32f103xe.o(.text)
    TIM8_TRG_COM_IRQHandler                  0x0800015f   Thumb Code     0  startup_stm32f103xe.o(.text)
    UART4_IRQHandler                         0x0800015f   Thumb Code     0  startup_stm32f103xe.o(.text)
    UART5_IRQHandler                         0x0800015f   Thumb Code     0  startup_stm32f103xe.o(.text)
    USART2_IRQHandler                        0x0800015f   Thumb Code     0  startup_stm32f103xe.o(.text)
    USART3_IRQHandler                        0x0800015f   Thumb Code     0  startup_stm32f103xe.o(.text)
    USBWakeUp_IRQHandler                     0x0800015f   Thumb Code     0  startup_stm32f103xe.o(.text)
    USB_HP_CAN1_TX_IRQHandler                0x0800015f   Thumb Code     0  startup_stm32f103xe.o(.text)
    USB_LP_CAN1_RX0_IRQHandler               0x0800015f   Thumb Code     0  startup_stm32f103xe.o(.text)
    WWDG_IRQHandler                          0x0800015f   Thumb Code     0  startup_stm32f103xe.o(.text)
    __aeabi_llsr                             0x08000169   Thumb Code    32  llushr.o(.text)
    _ll_ushift_r                             0x08000169   Thumb Code     0  llushr.o(.text)
    __aeabi_memset                           0x08000189   Thumb Code    14  memseta.o(.text)
    __aeabi_memset4                          0x08000189   Thumb Code     0  memseta.o(.text)
    __aeabi_memset8                          0x08000189   Thumb Code     0  memseta.o(.text)
    __aeabi_memclr                           0x08000197   Thumb Code     4  memseta.o(.text)
    __aeabi_memclr4                          0x08000197   Thumb Code     0  memseta.o(.text)
    __aeabi_memclr8                          0x08000197   Thumb Code     0  memseta.o(.text)
    _memset$wrapper                          0x0800019b   Thumb Code    18  memseta.o(.text)
    atoi                                     0x080001ad   Thumb Code    26  atoi.o(.text)
    __aeabi_uidiv                            0x080001c7   Thumb Code     0  uidiv.o(.text)
    __aeabi_uidivmod                         0x080001c7   Thumb Code    44  uidiv.o(.text)
    __aeabi_uldivmod                         0x080001f3   Thumb Code    98  uldiv.o(.text)
    strtol                                   0x08000255   Thumb Code   112  strtol.o(.text)
    __I$use$fp                               0x080002c5   Thumb Code     0  iusefp.o(.text)
    _double_round                            0x080002c5   Thumb Code    30  depilogue.o(.text)
    _double_epilogue                         0x080002e3   Thumb Code   156  depilogue.o(.text)
    __aeabi_dadd                             0x0800037f   Thumb Code   322  dadd.o(.text)
    __aeabi_dsub                             0x080004c1   Thumb Code     6  dadd.o(.text)
    __aeabi_drsub                            0x080004c7   Thumb Code     6  dadd.o(.text)
    __aeabi_dmul                             0x080004cd   Thumb Code   228  dmul.o(.text)
    __aeabi_ddiv                             0x080005b1   Thumb Code   222  ddiv.o(.text)
    __aeabi_d2ulz                            0x0800068f   Thumb Code    48  dfixul.o(.text)
    __aeabi_cdrcmple                         0x080006c1   Thumb Code    48  cdrcmple.o(.text)
    __scatterload                            0x080006f1   Thumb Code    28  init.o(.text)
    __scatterload_rt2                        0x080006f1   Thumb Code     0  init.o(.text)
    __aeabi_llsl                             0x08000715   Thumb Code    30  llshl.o(.text)
    _ll_shift_l                              0x08000715   Thumb Code     0  llshl.o(.text)
    __aeabi_lasr                             0x08000733   Thumb Code    36  llsshr.o(.text)
    _ll_sshift_r                             0x08000733   Thumb Code     0  llsshr.o(.text)
    __rt_ctype_table                         0x08000759   Thumb Code     4  ctype_o.o(.text)
    _strtoul                                 0x08000761   Thumb Code   158  _strtoul.o(.text)
    _chval                                   0x080007ff   Thumb Code    28  _chval.o(.text)
    BusFault_Handler                         0x0800081b   Thumb Code     2  stm32f1xx_it.o(i.BusFault_Handler)
    Clear                                    0x0800081d   Thumb Code    16  bsp_string.o(i.Clear)
    DebugMon_Handler                         0x0800082d   Thumb Code     2  stm32f1xx_it.o(i.DebugMon_Handler)
    HAL_DMA_Abort                            0x0800082f   Thumb Code    72  stm32f1xx_hal_dma.o(i.HAL_DMA_Abort)
    HAL_DMA_Abort_IT                         0x08000879   Thumb Code   318  stm32f1xx_hal_dma.o(i.HAL_DMA_Abort_IT)
    HAL_GPIO_Init                            0x080009ed   Thumb Code   524  stm32f1xx_hal_gpio.o(i.HAL_GPIO_Init)
    HAL_GPIO_ReadPin                         0x08000c05   Thumb Code    14  stm32f1xx_hal_gpio.o(i.HAL_GPIO_ReadPin)
    HAL_GPIO_TogglePin                       0x08000c13   Thumb Code    16  stm32f1xx_hal_gpio.o(i.HAL_GPIO_TogglePin)
    HAL_GPIO_WritePin                        0x08000c23   Thumb Code    14  stm32f1xx_hal_gpio.o(i.HAL_GPIO_WritePin)
    HAL_GetTick                              0x08000c31   Thumb Code     6  stm32f1xx_hal.o(i.HAL_GetTick)
    HAL_I2C_Init                             0x08000c3d   Thumb Code   410  stm32f1xx_hal_i2c.o(i.HAL_I2C_Init)
    HAL_I2C_MspInit                          0x08000de9   Thumb Code   134  stm32f1xx_hal_msp.o(i.HAL_I2C_MspInit)
    HAL_IncTick                              0x08000e81   Thumb Code    12  stm32f1xx_hal.o(i.HAL_IncTick)
    HAL_Init                                 0x08000e91   Thumb Code    32  stm32f1xx_hal.o(i.HAL_Init)
    HAL_InitTick                             0x08000eb5   Thumb Code    58  stm32f1xx_hal.o(i.HAL_InitTick)
    HAL_MspInit                              0x08000ef9   Thumb Code    52  stm32f1xx_hal_msp.o(i.HAL_MspInit)
    HAL_NVIC_EnableIRQ                       0x08000f35   Thumb Code    28  stm32f1xx_hal_cortex.o(i.HAL_NVIC_EnableIRQ)
    HAL_NVIC_SetPriority                     0x08000f51   Thumb Code    98  stm32f1xx_hal_cortex.o(i.HAL_NVIC_SetPriority)
    HAL_NVIC_SetPriorityGrouping             0x08000fb9   Thumb Code    30  stm32f1xx_hal_cortex.o(i.HAL_NVIC_SetPriorityGrouping)
    HAL_RCC_ClockConfig                      0x08000fdd   Thumb Code   364  stm32f1xx_hal_rcc.o(i.HAL_RCC_ClockConfig)
    HAL_RCC_GetHCLKFreq                      0x0800115d   Thumb Code     6  stm32f1xx_hal_rcc.o(i.HAL_RCC_GetHCLKFreq)
    HAL_RCC_GetPCLK1Freq                     0x08001169   Thumb Code    22  stm32f1xx_hal_rcc.o(i.HAL_RCC_GetPCLK1Freq)
    HAL_RCC_GetPCLK2Freq                     0x08001189   Thumb Code    22  stm32f1xx_hal_rcc.o(i.HAL_RCC_GetPCLK2Freq)
    HAL_RCC_GetSysClockFreq                  0x080011a9   Thumb Code    88  stm32f1xx_hal_rcc.o(i.HAL_RCC_GetSysClockFreq)
    HAL_RCC_OscConfig                        0x08001221   Thumb Code  1068  stm32f1xx_hal_rcc.o(i.HAL_RCC_OscConfig)
    HAL_SYSTICK_Config                       0x0800164d   Thumb Code    36  stm32f1xx_hal_cortex.o(i.HAL_SYSTICK_Config)
    HAL_TIMEx_BreakCallback                  0x08001675   Thumb Code     2  stm32f1xx_hal_tim_ex.o(i.HAL_TIMEx_BreakCallback)
    HAL_TIMEx_CommutCallback                 0x08001677   Thumb Code     2  stm32f1xx_hal_tim_ex.o(i.HAL_TIMEx_CommutCallback)
    HAL_TIMEx_MasterConfigSynchronization    0x08001679   Thumb Code   134  stm32f1xx_hal_tim_ex.o(i.HAL_TIMEx_MasterConfigSynchronization)
    HAL_TIM_Base_Init                        0x080016ff   Thumb Code    92  stm32f1xx_hal_tim.o(i.HAL_TIM_Base_Init)
    HAL_TIM_Base_MspInit                     0x0800175d   Thumb Code   302  stm32f1xx_hal_msp.o(i.HAL_TIM_Base_MspInit)
    HAL_TIM_Base_Start_IT                    0x080018ad   Thumb Code   118  stm32f1xx_hal_tim.o(i.HAL_TIM_Base_Start_IT)
    HAL_TIM_ConfigClockSource                0x08001923   Thumb Code   228  stm32f1xx_hal_tim.o(i.HAL_TIM_ConfigClockSource)
    HAL_TIM_IC_CaptureCallback               0x08001a07   Thumb Code     2  stm32f1xx_hal_tim.o(i.HAL_TIM_IC_CaptureCallback)
    HAL_TIM_IRQHandler                       0x08001a09   Thumb Code   372  stm32f1xx_hal_tim.o(i.HAL_TIM_IRQHandler)
    HAL_TIM_OC_DelayElapsedCallback          0x08001b7d   Thumb Code     2  stm32f1xx_hal_tim.o(i.HAL_TIM_OC_DelayElapsedCallback)
    HAL_TIM_PWM_PulseFinishedCallback        0x08001b7f   Thumb Code     2  stm32f1xx_hal_tim.o(i.HAL_TIM_PWM_PulseFinishedCallback)
    HAL_TIM_PeriodElapsedCallback            0x08001b81   Thumb Code   338  bsp_timer.o(i.HAL_TIM_PeriodElapsedCallback)
    HAL_TIM_TriggerCallback                  0x08001ce9   Thumb Code     2  stm32f1xx_hal_tim.o(i.HAL_TIM_TriggerCallback)
    HAL_UARTEx_RxEventCallback               0x08001ceb   Thumb Code     2  stm32f1xx_hal_uart.o(i.HAL_UARTEx_RxEventCallback)
    HAL_UART_ErrorCallback                   0x08001ced   Thumb Code     2  stm32f1xx_hal_uart.o(i.HAL_UART_ErrorCallback)
    HAL_UART_IRQHandler                      0x08001cf1   Thumb Code   506  stm32f1xx_hal_uart.o(i.HAL_UART_IRQHandler)
    HAL_UART_Init                            0x08001ef1   Thumb Code   100  stm32f1xx_hal_uart.o(i.HAL_UART_Init)
    HAL_UART_MspInit                         0x08001f55   Thumb Code   440  stm32f1xx_hal_msp.o(i.HAL_UART_MspInit)
    HAL_UART_Receive_IT                      0x08002135   Thumb Code    46  stm32f1xx_hal_uart.o(i.HAL_UART_Receive_IT)
    HAL_UART_RxCpltCallback                  0x08002165   Thumb Code   148  bsp_usart.o(i.HAL_UART_RxCpltCallback)
    HAL_UART_Transmit                        0x08002209   Thumb Code   202  stm32f1xx_hal_uart.o(i.HAL_UART_Transmit)
    HAL_UART_TxCpltCallback                  0x080022d3   Thumb Code     4  bsp_usart.o(i.HAL_UART_TxCpltCallback)
    Handle_UART1                             0x080022d9   Thumb Code   144  bsp_usart.o(i.Handle_UART1)
    HardFault_Handler                        0x08002425   Thumb Code     2  stm32f1xx_it.o(i.HardFault_Handler)
    Len                                      0x08002427   Thumb Code    20  bsp_string.o(i.Len)
    MemManage_Handler                        0x0800283d   Thumb Code     2  stm32f1xx_it.o(i.MemManage_Handler)
    MyTIME_Init                              0x08002841   Thumb Code     6  bsp_timer.o(i.MyTIME_Init)
    NMI_Handler                              0x0800284d   Thumb Code     2  stm32f1xx_it.o(i.NMI_Handler)
    PendSV_Handler                           0x0800284f   Thumb Code     2  stm32f1xx_it.o(i.PendSV_Handler)
    SVC_Handler                              0x08002875   Thumb Code     2  stm32f1xx_it.o(i.SVC_Handler)
    ScanInput                                0x08002879   Thumb Code   314  bsp_gpio.o(i.ScanInput)
    ScanOutput                               0x080029dd   Thumb Code   146  bsp_gpio.o(i.ScanOutput)
    Split                                    0x08002a99   Thumb Code    70  bsp_string.o(i.Split)
    StringCompare                            0x08002ae1   Thumb Code    86  bsp_string.o(i.StringCompare)
    SysTick_Handler                          0x08002b37   Thumb Code     4  stm32f1xx_it.o(i.SysTick_Handler)
    SystemClock_Config                       0x08002b3b   Thumb Code    94  main.o(i.SystemClock_Config)
    SystemInit                               0x08002b99   Thumb Code     2  system_stm32f1xx.o(i.SystemInit)
    TIM1_UP_IRQHandler                       0x08002b9d   Thumb Code     6  stm32f1xx_it.o(i.TIM1_UP_IRQHandler)
    TIM2_IRQHandler                          0x08002ba9   Thumb Code     6  stm32f1xx_it.o(i.TIM2_IRQHandler)
    TIM3_IRQHandler                          0x08002bb5   Thumb Code     6  stm32f1xx_it.o(i.TIM3_IRQHandler)
    TIM4_IRQHandler                          0x08002bc1   Thumb Code     6  stm32f1xx_it.o(i.TIM4_IRQHandler)
    TIM5_IRQHandler                          0x08002bcd   Thumb Code     6  stm32f1xx_it.o(i.TIM5_IRQHandler)
    TIM6_IRQHandler                          0x08002bd9   Thumb Code     6  stm32f1xx_it.o(i.TIM6_IRQHandler)
    TIM7_IRQHandler                          0x08002be5   Thumb Code     6  stm32f1xx_it.o(i.TIM7_IRQHandler)
    TIM8_UP_IRQHandler                       0x08002bf1   Thumb Code     6  stm32f1xx_it.o(i.TIM8_UP_IRQHandler)
    TIM_Base_SetConfig                       0x08002bfd   Thumb Code   122  stm32f1xx_hal_tim.o(i.TIM_Base_SetConfig)
    TIM_ETR_SetConfig                        0x08002c8d   Thumb Code    22  stm32f1xx_hal_tim.o(i.TIM_ETR_SetConfig)
    UART_Start_Receive_IT                    0x08002edd   Thumb Code    54  stm32f1xx_hal_uart.o(i.UART_Start_Receive_IT)
    USART1_IRQHandler                        0x08002fe9   Thumb Code     6  stm32f1xx_it.o(i.USART1_IRQHandler)
    UsageFault_Handler                       0x08002ff5   Thumb Code     2  stm32f1xx_it.o(i.UsageFault_Handler)
    __0printf                                0x08002ff9   Thumb Code    22  printfa.o(i.__0printf)
    __1printf                                0x08002ff9   Thumb Code     0  printfa.o(i.__0printf)
    __2printf                                0x08002ff9   Thumb Code     0  printfa.o(i.__0printf)
    __c89printf                              0x08002ff9   Thumb Code     0  printfa.o(i.__0printf)
    printf                                   0x08002ff9   Thumb Code     0  printfa.o(i.__0printf)
    __0vsnprintf                             0x08003019   Thumb Code    40  printfa.o(i.__0vsnprintf)
    __1vsnprintf                             0x08003019   Thumb Code     0  printfa.o(i.__0vsnprintf)
    __2vsnprintf                             0x08003019   Thumb Code     0  printfa.o(i.__0vsnprintf)
    __c89vsnprintf                           0x08003019   Thumb Code     0  printfa.o(i.__0vsnprintf)
    vsnprintf                                0x08003019   Thumb Code     0  printfa.o(i.__0vsnprintf)
    __aeabi_errno_addr                       0x08003045   Thumb Code     4  errno.o(i.__aeabi_errno_addr)
    __rt_errno_addr                          0x08003045   Thumb Code     0  errno.o(i.__aeabi_errno_addr)
    __scatterload_copy                       0x0800304d   Thumb Code    14  handlers.o(i.__scatterload_copy)
    __scatterload_null                       0x0800305b   Thumb Code     2  handlers.o(i.__scatterload_null)
    __scatterload_zeroinit                   0x0800305d   Thumb Code    14  handlers.o(i.__scatterload_zeroinit)
    fputc                                    0x08003935   Thumb Code    22  bsp_usart.o(i.fputc)
    main                                     0x08003951   Thumb Code   394  main.o(i.main)
    my_printf                                0x08003b11   Thumb Code    40  bsp_usart.o(i.my_printf)
    wait_ready                               0x08003b3d   Thumb Code   184  bsp.o(i.wait_ready)
    work_flow                                0x08003c81   Thumb Code    38  bsp.o(i.work_flow)
    AHBPrescTable                            0x08003cac   Data          16  system_stm32f1xx.o(.constdata)
    APBPrescTable                            0x08003cbc   Data           8  system_stm32f1xx.o(.constdata)
    __ctype_table                            0x08003cc4   Data         129  ctype_o.o(.constdata)
    Region$$Table$$Base                      0x08003d4c   Number         0  anon$$obj.o(Region$$Table)
    Region$$Table$$Limit                     0x08003d6c   Number         0  anon$$obj.o(Region$$Table)
    none_input_update_flag                   0x20000000   Data           4  bsp_timer.o(.data)
    LED_State_Count                          0x20000008   Data           4  bsp_timer.o(.data)
    CharCRLF                                 0x2000000c   Data           2  bsp_usart.o(.data)
    BufferRxChar                             0x2000000e   Data           5  bsp_usart.o(.data)
    LastInputState                           0x20000014   Data           4  bsp_gpio.o(.data)
    Input                                    0x20000018   Data           4  bsp_gpio.o(.data)
    Output                                   0x2000001c   Data           4  bsp_gpio.o(.data)
    uwTickFreq                               0x20000020   Data           1  stm32f1xx_hal.o(.data)
    uwTickPrio                               0x20000024   Data           4  stm32f1xx_hal.o(.data)
    uwTick                                   0x20000028   Data           4  stm32f1xx_hal.o(.data)
    SystemCoreClock                          0x2000002c   Data           4  system_stm32f1xx.o(.data)
    __stdout                                 0x20000030   Data           4  stdout.o(.data)
    hi2c1                                    0x20000038   Data          84  main.o(.bss)
    hi2c2                                    0x2000008c   Data          84  main.o(.bss)
    htim1                                    0x200000e0   Data          72  main.o(.bss)
    htim2                                    0x20000128   Data          72  main.o(.bss)
    htim3                                    0x20000170   Data          72  main.o(.bss)
    htim4                                    0x200001b8   Data          72  main.o(.bss)
    htim5                                    0x20000200   Data          72  main.o(.bss)
    htim6                                    0x20000248   Data          72  main.o(.bss)
    htim7                                    0x20000290   Data          72  main.o(.bss)
    htim8                                    0x200002d8   Data          72  main.o(.bss)
    huart4                                   0x20000320   Data          68  main.o(.bss)
    huart5                                   0x20000364   Data          68  main.o(.bss)
    huart1                                   0x200003a8   Data          68  main.o(.bss)
    huart2                                   0x200003ec   Data          68  main.o(.bss)
    huart3                                   0x20000430   Data          68  main.o(.bss)
    MyTimer1                                 0x20000478   Data          24  bsp_timer.o(.bss)
    MyTimer2                                 0x20000490   Data          24  bsp_timer.o(.bss)
    MyTimer3                                 0x200004a8   Data          24  bsp_timer.o(.bss)
    MyTimer4                                 0x200004c0   Data          24  bsp_timer.o(.bss)
    UserTxBufferFS                           0x200004d8   Data        2048  bsp_usart.o(.bss)
    MSComm1                                  0x20000cd8   Data         406  bsp_usart.o(.bss)
    MSComm3                                  0x20000e6e   Data         406  bsp_usart.o(.bss)
    __initial_sp                             0x20001408   Data           0  startup_stm32f103xe.o(STACK)



==============================================================================

Memory Map of the image

  Image Entry point : 0x08000131

  Load Region LR_IROM1 (Base: 0x08000000, Size: 0x00003da4, Max: 0x00080000, ABSOLUTE)

    Execution Region ER_IROM1 (Exec base: 0x08000000, Load base: 0x08000000, Size: 0x00003d6c, Max: 0x00080000, ABSOLUTE)

    Exec Addr    Load Addr    Size         Type   Attr      Idx    E Section Name        Object

    0x08000000   0x08000000   0x00000130   Data   RO          908    RESET               startup_stm32f103xe.o
    0x08000130   0x08000130   0x00000000   Code   RO         3806  * .ARM.Collect$$$$00000000  mc_w.l(entry.o)
    0x08000130   0x08000130   0x00000004   Code   RO         4086    .ARM.Collect$$$$00000001  mc_w.l(entry2.o)
    0x08000134   0x08000134   0x00000004   Code   RO         4089    .ARM.Collect$$$$00000004  mc_w.l(entry5.o)
    0x08000138   0x08000138   0x00000000   Code   RO         4091    .ARM.Collect$$$$00000008  mc_w.l(entry7b.o)
    0x08000138   0x08000138   0x00000000   Code   RO         4093    .ARM.Collect$$$$0000000A  mc_w.l(entry8b.o)
    0x08000138   0x08000138   0x00000008   Code   RO         4094    .ARM.Collect$$$$0000000B  mc_w.l(entry9a.o)
    0x08000140   0x08000140   0x00000000   Code   RO         4096    .ARM.Collect$$$$0000000D  mc_w.l(entry10a.o)
    0x08000140   0x08000140   0x00000000   Code   RO         4098    .ARM.Collect$$$$0000000F  mc_w.l(entry11a.o)
    0x08000140   0x08000140   0x00000004   Code   RO         4087    .ARM.Collect$$$$00002712  mc_w.l(entry2.o)
    0x08000144   0x08000144   0x00000024   Code   RO          909    .text               startup_stm32f103xe.o
    0x08000168   0x08000168   0x00000020   Code   RO         3809    .text               mc_w.l(llushr.o)
    0x08000188   0x08000188   0x00000024   Code   RO         3813    .text               mc_w.l(memseta.o)
    0x080001ac   0x080001ac   0x0000001a   Code   RO         4078    .text               mc_w.l(atoi.o)
    0x080001c6   0x080001c6   0x0000002c   Code   RO         4101    .text               mc_w.l(uidiv.o)
    0x080001f2   0x080001f2   0x00000062   Code   RO         4103    .text               mc_w.l(uldiv.o)
    0x08000254   0x08000254   0x00000070   Code   RO         4112    .text               mc_w.l(strtol.o)
    0x080002c4   0x080002c4   0x00000000   Code   RO         4114    .text               mc_w.l(iusefp.o)
    0x080002c4   0x080002c4   0x000000ba   Code   RO         4115    .text               mf_w.l(depilogue.o)
    0x0800037e   0x0800037e   0x0000014e   Code   RO         4117    .text               mf_w.l(dadd.o)
    0x080004cc   0x080004cc   0x000000e4   Code   RO         4119    .text               mf_w.l(dmul.o)
    0x080005b0   0x080005b0   0x000000de   Code   RO         4121    .text               mf_w.l(ddiv.o)
    0x0800068e   0x0800068e   0x00000030   Code   RO         4123    .text               mf_w.l(dfixul.o)
    0x080006be   0x080006be   0x00000002   PAD
    0x080006c0   0x080006c0   0x00000030   Code   RO         4125    .text               mf_w.l(cdrcmple.o)
    0x080006f0   0x080006f0   0x00000024   Code   RO         4127    .text               mc_w.l(init.o)
    0x08000714   0x08000714   0x0000001e   Code   RO         4129    .text               mc_w.l(llshl.o)
    0x08000732   0x08000732   0x00000024   Code   RO         4131    .text               mc_w.l(llsshr.o)
    0x08000756   0x08000756   0x00000002   PAD
    0x08000758   0x08000758   0x00000008   Code   RO         4133    .text               mc_w.l(ctype_o.o)
    0x08000760   0x08000760   0x0000009e   Code   RO         4161    .text               mc_w.l(_strtoul.o)
    0x080007fe   0x080007fe   0x0000001c   Code   RO         4163    .text               mc_w.l(_chval.o)
    0x0800081a   0x0800081a   0x00000002   Code   RO          205    i.BusFault_Handler  stm32f1xx_it.o
    0x0800081c   0x0800081c   0x00000010   Code   RO          568    i.Clear             bsp_string.o
    0x0800082c   0x0800082c   0x00000002   Code   RO          206    i.DebugMon_Handler  stm32f1xx_it.o
    0x0800082e   0x0800082e   0x00000048   Code   RO         1808    i.HAL_DMA_Abort     stm32f1xx_hal_dma.o
    0x08000876   0x08000876   0x00000002   PAD
    0x08000878   0x08000878   0x00000174   Code   RO         1809    i.HAL_DMA_Abort_IT  stm32f1xx_hal_dma.o
    0x080009ec   0x080009ec   0x00000218   Code   RO         1744    i.HAL_GPIO_Init     stm32f1xx_hal_gpio.o
    0x08000c04   0x08000c04   0x0000000e   Code   RO         1746    i.HAL_GPIO_ReadPin  stm32f1xx_hal_gpio.o
    0x08000c12   0x08000c12   0x00000010   Code   RO         1747    i.HAL_GPIO_TogglePin  stm32f1xx_hal_gpio.o
    0x08000c22   0x08000c22   0x0000000e   Code   RO         1748    i.HAL_GPIO_WritePin  stm32f1xx_hal_gpio.o
    0x08000c30   0x08000c30   0x0000000c   Code   RO         1435    i.HAL_GetTick       stm32f1xx_hal.o
    0x08000c3c   0x08000c3c   0x000001ac   Code   RO          963    i.HAL_I2C_Init      stm32f1xx_hal_i2c.o
    0x08000de8   0x08000de8   0x00000098   Code   RO          336    i.HAL_I2C_MspInit   stm32f1xx_hal_msp.o
    0x08000e80   0x08000e80   0x00000010   Code   RO         1441    i.HAL_IncTick       stm32f1xx_hal.o
    0x08000e90   0x08000e90   0x00000024   Code   RO         1442    i.HAL_Init          stm32f1xx_hal.o
    0x08000eb4   0x08000eb4   0x00000044   Code   RO         1443    i.HAL_InitTick      stm32f1xx_hal.o
    0x08000ef8   0x08000ef8   0x0000003c   Code   RO          337    i.HAL_MspInit       stm32f1xx_hal_msp.o
    0x08000f34   0x08000f34   0x0000001c   Code   RO         1904    i.HAL_NVIC_EnableIRQ  stm32f1xx_hal_cortex.o
    0x08000f50   0x08000f50   0x00000068   Code   RO         1910    i.HAL_NVIC_SetPriority  stm32f1xx_hal_cortex.o
    0x08000fb8   0x08000fb8   0x00000024   Code   RO         1911    i.HAL_NVIC_SetPriorityGrouping  stm32f1xx_hal_cortex.o
    0x08000fdc   0x08000fdc   0x00000180   Code   RO         1599    i.HAL_RCC_ClockConfig  stm32f1xx_hal_rcc.o
    0x0800115c   0x0800115c   0x0000000c   Code   RO         1604    i.HAL_RCC_GetHCLKFreq  stm32f1xx_hal_rcc.o
    0x08001168   0x08001168   0x00000020   Code   RO         1606    i.HAL_RCC_GetPCLK1Freq  stm32f1xx_hal_rcc.o
    0x08001188   0x08001188   0x00000020   Code   RO         1607    i.HAL_RCC_GetPCLK2Freq  stm32f1xx_hal_rcc.o
    0x080011a8   0x080011a8   0x00000078   Code   RO         1608    i.HAL_RCC_GetSysClockFreq  stm32f1xx_hal_rcc.o
    0x08001220   0x08001220   0x0000042c   Code   RO         1611    i.HAL_RCC_OscConfig  stm32f1xx_hal_rcc.o
    0x0800164c   0x0800164c   0x00000028   Code   RO         1915    i.HAL_SYSTICK_Config  stm32f1xx_hal_cortex.o
    0x08001674   0x08001674   0x00000002   Code   RO         3137    i.HAL_TIMEx_BreakCallback  stm32f1xx_hal_tim_ex.o
    0x08001676   0x08001676   0x00000002   Code   RO         3138    i.HAL_TIMEx_CommutCallback  stm32f1xx_hal_tim_ex.o
    0x08001678   0x08001678   0x00000086   Code   RO         3156    i.HAL_TIMEx_MasterConfigSynchronization  stm32f1xx_hal_tim_ex.o
    0x080016fe   0x080016fe   0x0000005c   Code   RO         2422    i.HAL_TIM_Base_Init  stm32f1xx_hal_tim.o
    0x0800175a   0x0800175a   0x00000002   PAD
    0x0800175c   0x0800175c   0x00000150   Code   RO          339    i.HAL_TIM_Base_MspInit  stm32f1xx_hal_msp.o
    0x080018ac   0x080018ac   0x00000076   Code   RO         2427    i.HAL_TIM_Base_Start_IT  stm32f1xx_hal_tim.o
    0x08001922   0x08001922   0x000000e4   Code   RO         2431    i.HAL_TIM_ConfigClockSource  stm32f1xx_hal_tim.o
    0x08001a06   0x08001a06   0x00000002   Code   RO         2456    i.HAL_TIM_IC_CaptureCallback  stm32f1xx_hal_tim.o
    0x08001a08   0x08001a08   0x00000174   Code   RO         2470    i.HAL_TIM_IRQHandler  stm32f1xx_hal_tim.o
    0x08001b7c   0x08001b7c   0x00000002   Code   RO         2473    i.HAL_TIM_OC_DelayElapsedCallback  stm32f1xx_hal_tim.o
    0x08001b7e   0x08001b7e   0x00000002   Code   RO         2500    i.HAL_TIM_PWM_PulseFinishedCallback  stm32f1xx_hal_tim.o
    0x08001b80   0x08001b80   0x00000168   Code   RO          517    i.HAL_TIM_PeriodElapsedCallback  bsp_timer.o
    0x08001ce8   0x08001ce8   0x00000002   Code   RO         2513    i.HAL_TIM_TriggerCallback  stm32f1xx_hal_tim.o
    0x08001cea   0x08001cea   0x00000002   Code   RO         3415    i.HAL_UARTEx_RxEventCallback  stm32f1xx_hal_uart.o
    0x08001cec   0x08001cec   0x00000002   Code   RO         3429    i.HAL_UART_ErrorCallback  stm32f1xx_hal_uart.o
    0x08001cee   0x08001cee   0x00000002   PAD
    0x08001cf0   0x08001cf0   0x00000200   Code   RO         3432    i.HAL_UART_IRQHandler  stm32f1xx_hal_uart.o
    0x08001ef0   0x08001ef0   0x00000064   Code   RO         3433    i.HAL_UART_Init     stm32f1xx_hal_uart.o
    0x08001f54   0x08001f54   0x000001e0   Code   RO          341    i.HAL_UART_MspInit  stm32f1xx_hal_msp.o
    0x08002134   0x08002134   0x0000002e   Code   RO         3438    i.HAL_UART_Receive_IT  stm32f1xx_hal_uart.o
    0x08002162   0x08002162   0x00000002   PAD
    0x08002164   0x08002164   0x000000a4   Code   RO          723    i.HAL_UART_RxCpltCallback  bsp_usart.o
    0x08002208   0x08002208   0x000000ca   Code   RO         3441    i.HAL_UART_Transmit  stm32f1xx_hal_uart.o
    0x080022d2   0x080022d2   0x00000004   Code   RO          724    i.HAL_UART_TxCpltCallback  bsp_usart.o
    0x080022d6   0x080022d6   0x00000002   PAD
    0x080022d8   0x080022d8   0x0000014c   Code   RO          725    i.Handle_UART1      bsp_usart.o
    0x08002424   0x08002424   0x00000002   Code   RO          207    i.HardFault_Handler  stm32f1xx_it.o
    0x08002426   0x08002426   0x00000014   Code   RO          579    i.Len               bsp_string.o
    0x0800243a   0x0800243a   0x00000002   PAD
    0x0800243c   0x0800243c   0x0000017c   Code   RO            5    i.MX_GPIO_Init      main.o
    0x080025b8   0x080025b8   0x0000006c   Code   RO            6    i.MX_TIM1_Init      main.o
    0x08002624   0x08002624   0x00000068   Code   RO            7    i.MX_TIM2_Init      main.o
    0x0800268c   0x0800268c   0x0000006c   Code   RO            8    i.MX_TIM3_Init      main.o
    0x080026f8   0x080026f8   0x0000006c   Code   RO            9    i.MX_TIM4_Init      main.o
    0x08002764   0x08002764   0x0000006c   Code   RO           10    i.MX_TIM5_Init      main.o
    0x080027d0   0x080027d0   0x0000006c   Code   RO           11    i.MX_TIM8_Init      main.o
    0x0800283c   0x0800283c   0x00000002   Code   RO          208    i.MemManage_Handler  stm32f1xx_it.o
    0x0800283e   0x0800283e   0x00000002   PAD
    0x08002840   0x08002840   0x0000000c   Code   RO          518    i.MyTIME_Init       bsp_timer.o
    0x0800284c   0x0800284c   0x00000002   Code   RO          209    i.NMI_Handler       stm32f1xx_it.o
    0x0800284e   0x0800284e   0x00000002   Code   RO          210    i.PendSV_Handler    stm32f1xx_it.o
    0x08002850   0x08002850   0x00000024   Code   RO         1612    i.RCC_Delay         stm32f1xx_hal_rcc.o
    0x08002874   0x08002874   0x00000002   Code   RO          211    i.SVC_Handler       stm32f1xx_it.o
    0x08002876   0x08002876   0x00000002   PAD
    0x08002878   0x08002878   0x00000164   Code   RO          851    i.ScanInput         bsp_gpio.o
    0x080029dc   0x080029dc   0x000000bc   Code   RO          852    i.ScanOutput        bsp_gpio.o
    0x08002a98   0x08002a98   0x00000046   Code   RO          584    i.Split             bsp_string.o
    0x08002ade   0x08002ade   0x00000002   PAD
    0x08002ae0   0x08002ae0   0x00000056   Code   RO          585    i.StringCompare     bsp_string.o
    0x08002b36   0x08002b36   0x00000004   Code   RO          212    i.SysTick_Handler   stm32f1xx_it.o
    0x08002b3a   0x08002b3a   0x0000005e   Code   RO           12    i.SystemClock_Config  main.o
    0x08002b98   0x08002b98   0x00000002   Code   RO         3772    i.SystemInit        system_stm32f1xx.o
    0x08002b9a   0x08002b9a   0x00000002   PAD
    0x08002b9c   0x08002b9c   0x0000000c   Code   RO          213    i.TIM1_UP_IRQHandler  stm32f1xx_it.o
    0x08002ba8   0x08002ba8   0x0000000c   Code   RO          214    i.TIM2_IRQHandler   stm32f1xx_it.o
    0x08002bb4   0x08002bb4   0x0000000c   Code   RO          215    i.TIM3_IRQHandler   stm32f1xx_it.o
    0x08002bc0   0x08002bc0   0x0000000c   Code   RO          216    i.TIM4_IRQHandler   stm32f1xx_it.o
    0x08002bcc   0x08002bcc   0x0000000c   Code   RO          217    i.TIM5_IRQHandler   stm32f1xx_it.o
    0x08002bd8   0x08002bd8   0x0000000c   Code   RO          218    i.TIM6_IRQHandler   stm32f1xx_it.o
    0x08002be4   0x08002be4   0x0000000c   Code   RO          219    i.TIM7_IRQHandler   stm32f1xx_it.o
    0x08002bf0   0x08002bf0   0x0000000c   Code   RO          220    i.TIM8_UP_IRQHandler  stm32f1xx_it.o
    0x08002bfc   0x08002bfc   0x00000090   Code   RO         2515    i.TIM_Base_SetConfig  stm32f1xx_hal_tim.o
    0x08002c8c   0x08002c8c   0x00000016   Code   RO         2526    i.TIM_ETR_SetConfig  stm32f1xx_hal_tim.o
    0x08002ca2   0x08002ca2   0x00000010   Code   RO         2527    i.TIM_ITRx_SetConfig  stm32f1xx_hal_tim.o
    0x08002cb2   0x08002cb2   0x00000026   Code   RO         2533    i.TIM_TI1_ConfigInputStage  stm32f1xx_hal_tim.o
    0x08002cd8   0x08002cd8   0x00000024   Code   RO         2535    i.TIM_TI2_ConfigInputStage  stm32f1xx_hal_tim.o
    0x08002cfc   0x08002cfc   0x00000010   Code   RO         3446    i.UART_DMAAbortOnError  stm32f1xx_hal_uart.o
    0x08002d0c   0x08002d0c   0x00000030   Code   RO         3456    i.UART_EndRxTransfer  stm32f1xx_hal_uart.o
    0x08002d3c   0x08002d3c   0x0000001a   Code   RO         3457    i.UART_EndTransmit_IT  stm32f1xx_hal_uart.o
    0x08002d56   0x08002d56   0x000000be   Code   RO         3459    i.UART_Receive_IT   stm32f1xx_hal_uart.o
    0x08002e14   0x08002e14   0x000000c8   Code   RO         3460    i.UART_SetConfig    stm32f1xx_hal_uart.o
    0x08002edc   0x08002edc   0x00000036   Code   RO         3462    i.UART_Start_Receive_IT  stm32f1xx_hal_uart.o
    0x08002f12   0x08002f12   0x0000005e   Code   RO         3463    i.UART_Transmit_IT  stm32f1xx_hal_uart.o
    0x08002f70   0x08002f70   0x00000078   Code   RO         3464    i.UART_WaitOnFlagUntilTimeout  stm32f1xx_hal_uart.o
    0x08002fe8   0x08002fe8   0x0000000c   Code   RO          221    i.USART1_IRQHandler  stm32f1xx_it.o
    0x08002ff4   0x08002ff4   0x00000002   Code   RO          222    i.UsageFault_Handler  stm32f1xx_it.o
    0x08002ff6   0x08002ff6   0x00000002   PAD
    0x08002ff8   0x08002ff8   0x00000020   Code   RO         4050    i.__0printf         mc_w.l(printfa.o)
    0x08003018   0x08003018   0x0000002c   Code   RO         4055    i.__0vsnprintf      mc_w.l(printfa.o)
    0x08003044   0x08003044   0x00000008   Code   RO         4105    i.__aeabi_errno_addr  mc_w.l(errno.o)
    0x0800304c   0x0800304c   0x0000000e   Code   RO         4167    i.__scatterload_copy  mc_w.l(handlers.o)
    0x0800305a   0x0800305a   0x00000002   Code   RO         4168    i.__scatterload_null  mc_w.l(handlers.o)
    0x0800305c   0x0800305c   0x0000000e   Code   RO         4169    i.__scatterload_zeroinit  mc_w.l(handlers.o)
    0x0800306a   0x0800306a   0x00000002   PAD
    0x0800306c   0x0800306c   0x00000184   Code   RO         4057    i._fp_digits        mc_w.l(printfa.o)
    0x080031f0   0x080031f0   0x000006dc   Code   RO         4058    i._printf_core      mc_w.l(printfa.o)
    0x080038cc   0x080038cc   0x00000024   Code   RO         4059    i._printf_post_padding  mc_w.l(printfa.o)
    0x080038f0   0x080038f0   0x0000002e   Code   RO         4060    i._printf_pre_padding  mc_w.l(printfa.o)
    0x0800391e   0x0800391e   0x00000016   Code   RO         4061    i._snputc           mc_w.l(printfa.o)
    0x08003934   0x08003934   0x0000001c   Code   RO          736    i.fputc             bsp_usart.o
    0x08003950   0x08003950   0x000001c0   Code   RO           13    i.main              main.o
    0x08003b10   0x08003b10   0x0000002c   Code   RO          737    i.my_printf         bsp_usart.o
    0x08003b3c   0x08003b3c   0x00000144   Code   RO          395    i.wait_ready        bsp.o
    0x08003c80   0x08003c80   0x0000002c   Code   RO          396    i.work_flow         bsp.o
    0x08003cac   0x08003cac   0x00000010   Data   RO         3773    .constdata          system_stm32f1xx.o
    0x08003cbc   0x08003cbc   0x00000008   Data   RO         3774    .constdata          system_stm32f1xx.o
    0x08003cc4   0x08003cc4   0x00000081   Data   RO         4134    .constdata          mc_w.l(ctype_o.o)
    0x08003d45   0x08003d45   0x00000003   PAD
    0x08003d48   0x08003d48   0x00000004   Data   RO         4135    .constdata          mc_w.l(ctype_o.o)
    0x08003d4c   0x08003d4c   0x00000020   Data   RO         4165    Region$$Table       anon$$obj.o


    Execution Region RW_IRAM1 (Exec base: 0x20000000, Load base: 0x08003d6c, Size: 0x00001408, Max: 0x00010000, ABSOLUTE)

    Exec Addr    Load Addr    Size         Type   Attr      Idx    E Section Name        Object

    0x20000000   0x08003d6c   0x00000004   Data   RW          524    .data               bsp_timer.o
    0x20000004   0x08003d70   0x00000008   Data   RW          529    .data               bsp_timer.o
    0x2000000c   0x08003d78   0x00000007   Data   RW          742    .data               bsp_usart.o
    0x20000013   0x08003d7f   0x00000001   PAD
    0x20000014   0x08003d80   0x0000000c   Data   RW          855    .data               bsp_gpio.o
    0x20000020   0x08003d8c   0x0000000c   Data   RW         1449    .data               stm32f1xx_hal.o
    0x2000002c   0x08003d98   0x00000004   Data   RW         3775    .data               system_stm32f1xx.o
    0x20000030   0x08003d9c   0x00000004   Data   RW         4100    .data               mc_w.l(stdout.o)
    0x20000034   0x08003da0   0x00000004   Data   RW         4108    .data               mc_w.l(errno.o)
    0x20000038        -       0x0000043c   Zero   RW           14    .bss                main.o
    0x20000474   0x08003da4   0x00000004   PAD
    0x20000478        -       0x00000060   Zero   RW          521    .bss                bsp_timer.o
    0x200004d8        -       0x00000b2c   Zero   RW          738    .bss                bsp_usart.o
    0x20001004   0x08003da4   0x00000004   PAD
    0x20001008        -       0x00000400   Zero   RW          906    STACK               startup_stm32f103xe.o


==============================================================================

Image component sizes


      Code (inc. data)   RO Data    RW Data    ZI Data      Debug   Object Name

       368        146          0          0          0       1021   bsp.o
       544         84          0         12          0       4870   bsp_gpio.o
       192          0          0          0          0       2902   bsp_string.o
       372         28          0         12         96       2912   bsp_timer.o
       572        214          0          7       2860       6421   bsp_usart.o
      1566        130          0          0       1084     500561   main.o
        36          8        304          0       1024        760   startup_stm32f103xe.o
       132         24          0         12          0       5833   stm32f1xx_hal.o
       208         16          0          0          0      28631   stm32f1xx_hal_cortex.o
       444         54          0          0          0       1831   stm32f1xx_hal_dma.o
       580         12          0          0          0       4088   stm32f1xx_hal_gpio.o
       428         18          0          0          0       2079   stm32f1xx_hal_i2c.o
      1028        100          0          0          0       3854   stm32f1xx_hal_msp.o
      1684         98          0          0          0       6796   stm32f1xx_hal_rcc.o
      1074         22          0          0          0       9243   stm32f1xx_hal_tim.o
       138          0          0          0          0       2425   stm32f1xx_hal_tim_ex.o
      1612         12          0          0          0      10910   stm32f1xx_hal_uart.o
       128         54          0          0          0       7552   stm32f1xx_it.o
         2          0         24          4          0       1083   system_stm32f1xx.o

    ----------------------------------------------------------------------
     11130       1020        360         48       5072     603772   Object Totals
         0          0         32          0          0          0   (incl. Generated)
        22          0          0          1          8          0   (incl. Padding)

    ----------------------------------------------------------------------

      Code (inc. data)   RO Data    RW Data    ZI Data      Debug   Library Member Name

        28          0          0          0          0         68   _chval.o
       158          0          0          0          0         92   _strtoul.o
        26          0          0          0          0         80   atoi.o
         8          4        133          0          0         68   ctype_o.o
         0          0          0          0          0          0   entry.o
         0          0          0          0          0          0   entry10a.o
         0          0          0          0          0          0   entry11a.o
         8          4          0          0          0          0   entry2.o
         4          0          0          0          0          0   entry5.o
         0          0          0          0          0          0   entry7b.o
         0          0          0          0          0          0   entry8b.o
         8          4          0          0          0          0   entry9a.o
         8          4          0          4          0         68   errno.o
        30          0          0          0          0          0   handlers.o
        36          8          0          0          0         68   init.o
         0          0          0          0          0          0   iusefp.o
        30          0          0          0          0         68   llshl.o
        36          0          0          0          0         68   llsshr.o
        32          0          0          0          0         68   llushr.o
        36          0          0          0          0        108   memseta.o
      2324         94          0          0          0        600   printfa.o
         0          0          0          4          0          0   stdout.o
       112          0          0          0          0         88   strtol.o
        44          0          0          0          0         80   uidiv.o
        98          0          0          0          0         92   uldiv.o
        48          0          0          0          0         68   cdrcmple.o
       334          0          0          0          0        148   dadd.o
       222          0          0          0          0        100   ddiv.o
       186          0          0          0          0        176   depilogue.o
        48          0          0          0          0         68   dfixul.o
       228          0          0          0          0         96   dmul.o

    ----------------------------------------------------------------------
      4098        118        136          8          0       2272   Library Totals
         6          0          3          0          0          0   (incl. Padding)

    ----------------------------------------------------------------------

      Code (inc. data)   RO Data    RW Data    ZI Data      Debug   Library Name

      3026        118        133          8          0       1616   mc_w.l
      1066          0          0          0          0        656   mf_w.l

    ----------------------------------------------------------------------
      4098        118        136          8          0       2272   Library Totals

    ----------------------------------------------------------------------

==============================================================================


      Code (inc. data)   RO Data    RW Data    ZI Data      Debug   

     15228       1138        496         56       5072     600216   Grand Totals
     15228       1138        496         56       5072     600216   ELF Image Totals
     15228       1138        496         56          0          0   ROM Totals

==============================================================================

    Total RO  Size (Code + RO Data)                15724 (  15.36kB)
    Total RW  Size (RW Data + ZI Data)              5128 (   5.01kB)
    Total ROM Size (Code + RO Data + RW Data)      15780 (  15.41kB)

==============================================================================

